Archive member included to satisfy reference by file (symbol)

/opt/ST/STM32CubeCLT_1.19.0/GNU-tools-for-STM32/bin/../lib/gcc/arm-none-eabi/13.3.1/../../../../arm-none-eabi/lib/thumb/v7e-m+fp/hard/libc_nano.a(libc_a-exit.o)
                              /opt/ST/STM32CubeCLT_1.19.0/GNU-tools-for-STM32/bin/../lib/gcc/arm-none-eabi/13.3.1/../../../../arm-none-eabi/lib/thumb/v7e-m+fp/hard/crt0.o (exit)
/opt/ST/STM32CubeCLT_1.19.0/GNU-tools-for-STM32/bin/../lib/gcc/arm-none-eabi/13.3.1/../../../../arm-none-eabi/lib/thumb/v7e-m+fp/hard/libc_nano.a(libc_a-itoa.o)
                              build/HT04.o (__itoa)
/opt/ST/STM32CubeCLT_1.19.0/GNU-tools-for-STM32/bin/../lib/gcc/arm-none-eabi/13.3.1/../../../../arm-none-eabi/lib/thumb/v7e-m+fp/hard/libc_nano.a(libc_a-malloc.o)
                              build/bsp_pwm.o (malloc)
/opt/ST/STM32CubeCLT_1.19.0/GNU-tools-for-STM32/bin/../lib/gcc/arm-none-eabi/13.3.1/../../../../arm-none-eabi/lib/thumb/v7e-m+fp/hard/libc_nano.a(libc_a-mallocr.o)
                              /opt/ST/STM32CubeCLT_1.19.0/GNU-tools-for-STM32/bin/../lib/gcc/arm-none-eabi/13.3.1/../../../../arm-none-eabi/lib/thumb/v7e-m+fp/hard/libc_nano.a(libc_a-malloc.o) (_malloc_r)
/opt/ST/STM32CubeCLT_1.19.0/GNU-tools-for-STM32/bin/../lib/gcc/arm-none-eabi/13.3.1/../../../../arm-none-eabi/lib/thumb/v7e-m+fp/hard/libc_nano.a(libc_a-mlock.o)
                              /opt/ST/STM32CubeCLT_1.19.0/GNU-tools-for-STM32/bin/../lib/gcc/arm-none-eabi/13.3.1/../../../../arm-none-eabi/lib/thumb/v7e-m+fp/hard/libc_nano.a(libc_a-mallocr.o) (__malloc_lock)
/opt/ST/STM32CubeCLT_1.19.0/GNU-tools-for-STM32/bin/../lib/gcc/arm-none-eabi/13.3.1/../../../../arm-none-eabi/lib/thumb/v7e-m+fp/hard/libc_nano.a(libc_a-sprintf.o)
                              build/bsp_log.o (sprintf)
/opt/ST/STM32CubeCLT_1.19.0/GNU-tools-for-STM32/bin/../lib/gcc/arm-none-eabi/13.3.1/../../../../arm-none-eabi/lib/thumb/v7e-m+fp/hard/libc_nano.a(libc_a-findfp.o)
                              /opt/ST/STM32CubeCLT_1.19.0/GNU-tools-for-STM32/bin/../lib/gcc/arm-none-eabi/13.3.1/../../../../arm-none-eabi/lib/thumb/v7e-m+fp/hard/libc_nano.a(libc_a-exit.o) (__stdio_exit_handler)
/opt/ST/STM32CubeCLT_1.19.0/GNU-tools-for-STM32/bin/../lib/gcc/arm-none-eabi/13.3.1/../../../../arm-none-eabi/lib/thumb/v7e-m+fp/hard/libc_nano.a(libc_a-vsprintf.o)
                              build/oled.o (vsprintf)
/opt/ST/STM32CubeCLT_1.19.0/GNU-tools-for-STM32/bin/../lib/gcc/arm-none-eabi/13.3.1/../../../../arm-none-eabi/lib/thumb/v7e-m+fp/hard/libc_nano.a(libc_a-utoa.o)
                              /opt/ST/STM32CubeCLT_1.19.0/GNU-tools-for-STM32/bin/../lib/gcc/arm-none-eabi/13.3.1/../../../../arm-none-eabi/lib/thumb/v7e-m+fp/hard/libc_nano.a(libc_a-itoa.o) (__utoa)
/opt/ST/STM32CubeCLT_1.19.0/GNU-tools-for-STM32/bin/../lib/gcc/arm-none-eabi/13.3.1/../../../../arm-none-eabi/lib/thumb/v7e-m+fp/hard/libc_nano.a(libc_a-fwalk.o)
                              /opt/ST/STM32CubeCLT_1.19.0/GNU-tools-for-STM32/bin/../lib/gcc/arm-none-eabi/13.3.1/../../../../arm-none-eabi/lib/thumb/v7e-m+fp/hard/libc_nano.a(libc_a-findfp.o) (_fwalk_sglue)
/opt/ST/STM32CubeCLT_1.19.0/GNU-tools-for-STM32/bin/../lib/gcc/arm-none-eabi/13.3.1/../../../../arm-none-eabi/lib/thumb/v7e-m+fp/hard/libc_nano.a(libc_a-memset.o)
                              /opt/ST/STM32CubeCLT_1.19.0/GNU-tools-for-STM32/bin/../lib/gcc/arm-none-eabi/13.3.1/../../../../arm-none-eabi/lib/thumb/v7e-m+fp/hard/crt0.o (memset)
/opt/ST/STM32CubeCLT_1.19.0/GNU-tools-for-STM32/bin/../lib/gcc/arm-none-eabi/13.3.1/../../../../arm-none-eabi/lib/thumb/v7e-m+fp/hard/libc_nano.a(libc_a-strcat.o)
                              build/HT04.o (strcat)
/opt/ST/STM32CubeCLT_1.19.0/GNU-tools-for-STM32/bin/../lib/gcc/arm-none-eabi/13.3.1/../../../../arm-none-eabi/lib/thumb/v7e-m+fp/hard/libc_nano.a(libc_a-strnlen.o)
                              build/message_center.o (strnlen)
/opt/ST/STM32CubeCLT_1.19.0/GNU-tools-for-STM32/bin/../lib/gcc/arm-none-eabi/13.3.1/../../../../arm-none-eabi/lib/thumb/v7e-m+fp/hard/libc_nano.a(libc_a-sbrkr.o)
                              /opt/ST/STM32CubeCLT_1.19.0/GNU-tools-for-STM32/bin/../lib/gcc/arm-none-eabi/13.3.1/../../../../arm-none-eabi/lib/thumb/v7e-m+fp/hard/libc_nano.a(libc_a-mallocr.o) (_sbrk_r)
/opt/ST/STM32CubeCLT_1.19.0/GNU-tools-for-STM32/bin/../lib/gcc/arm-none-eabi/13.3.1/../../../../arm-none-eabi/lib/thumb/v7e-m+fp/hard/libc_nano.a(libc_a-init.o)
                              /opt/ST/STM32CubeCLT_1.19.0/GNU-tools-for-STM32/bin/../lib/gcc/arm-none-eabi/13.3.1/../../../../arm-none-eabi/lib/thumb/v7e-m+fp/hard/crt0.o (__libc_init_array)
/opt/ST/STM32CubeCLT_1.19.0/GNU-tools-for-STM32/bin/../lib/gcc/arm-none-eabi/13.3.1/../../../../arm-none-eabi/lib/thumb/v7e-m+fp/hard/libc_nano.a(libc_a-lock.o)
[...]
Memory Configuration

Name             Origin             Length             Attributes
RAM              0x20000000         0x00020000         xrw
CCMRAM           0x10000000         0x00010000         xrw
FLASH            0x08000000         0x00100000         xr
*default*        0x00000000         0xffffffff

Linker script and memory map

LOAD /opt/ST/STM32CubeCLT_1.19.0/GNU-tools-for-STM32/bin/../lib/gcc/arm-none-eabi/13.3.1/thumb/v7e-m+fp/hard/crti.o
LOAD /opt/ST/STM32CubeCLT_1.19.0/GNU-tools-for-STM32/bin/../lib/gcc/arm-none-eabi/13.3.1/thumb/v7e-m+fp/hard/crtbegin.o
LOAD /opt/ST/STM32CubeCLT_1.19.0/GNU-tools-for-STM32/bin/../lib/gcc/arm-none-eabi/13.3.1/../../../../arm-none-eabi/lib/thumb/v7e-m+fp/hard/crt0.o
LOAD build/main.o
LOAD build/gpio.o
LOAD build/freertos.o
LOAD build/adc.o
LOAD build/can.o
LOAD build/crc.o
LOAD build/dac.o
LOAD build/dma.o
LOAD build/i2c.o
LOAD build/rng.o
LOAD build/rtc.o
LOAD build/spi.o
LOAD build/tim.o
LOAD build/usart.o
LOAD build/usb_device.o
LOAD build/usbd_conf.o
LOAD build/usbd_desc.o
LOAD build/usbd_cdc_if.o
LOAD build/stm32f4xx_it.o
LOAD build/stm32f4xx_hal_msp.o
LOAD build/stm32f4xx_hal_timebase_tim.o
LOAD build/stm32f4xx_hal_pcd.o
LOAD build/stm32f4xx_hal_pcd_ex.o
LOAD build/stm32f4xx_ll_usb.o
LOAD build/stm32f4xx_hal_rcc.o
LOAD build/stm32f4xx_hal_rcc_ex.o
LOAD build/stm32f4xx_hal_flash.o
LOAD build/stm32f4xx_hal_flash_ex.o
LOAD build/stm32f4xx_hal_flash_ramfunc.o
LOAD build/stm32f4xx_hal_gpio.o
LOAD build/stm32f4xx_hal_dma_ex.o
LOAD build/stm32f4xx_hal_dma.o
LOAD build/stm32f4xx_hal_pwr.o
LOAD build/stm32f4xx_hal_pwr_ex.o
LOAD build/stm32f4xx_hal_cortex.o
LOAD build/stm32f4xx_hal.o
LOAD build/stm32f4xx_hal_exti.o
LOAD build/stm32f4xx_hal_adc.o
LOAD build/stm32f4xx_hal_adc_ex.o
LOAD build/stm32f4xx_ll_adc.o
LOAD build/stm32f4xx_hal_can.o
LOAD build/stm32f4xx_hal_crc.o
LOAD build/stm32f4xx_hal_dac.o
LOAD build/stm32f4xx_hal_dac_ex.o
LOAD build/stm32f4xx_hal_i2c.o
LOAD build/stm32f4xx_hal_i2c_ex.o
LOAD build/stm32f4xx_hal_rng.o
LOAD build/stm32f4xx_hal_rtc.o
LOAD build/stm32f4xx_hal_rtc_ex.o
LOAD build/stm32f4xx_hal_spi.o
LOAD build/stm32f4xx_hal_tim.o
LOAD build/stm32f4xx_hal_tim_ex.o
LOAD build/stm32f4xx_hal_uart.o
LOAD build/system_stm32f4xx.o
LOAD build/croutine.o
LOAD build/event_groups.o
LOAD build/list.o
LOAD build/queue.o
LOAD build/stream_buffer.o
LOAD build/tasks.o
LOAD build/timers.o
LOAD build/cmsis_os.o
LOAD build/heap_4.o
LOAD build/port.o
LOAD build/usbd_core.o
LOAD build/usbd_ctlreq.o
LOAD build/usbd_ioreq.o
LOAD build/usbd_cdc.o
LOAD build/SEGGER_RTT_printf.o
LOAD build/SEGGER_RTT.o
LOAD build/bsp_dwt.o
LOAD build/bsp_pwm.o
LOAD build/bsp_gpio.o
LOAD build/bsp_spi.o
LOAD build/bsp_iic.o
LOAD build/bsp_can.o
LOAD build/bsp_usart.o
LOAD build/bsp_usb.o
LOAD build/bsp_log.o
LOAD build/bsp_flash.o
LOAD build/bsp_tools.o
LOAD build/controller.o
LOAD build/kalman_filter.o
LOAD build/QuaternionEKF.o
LOAD build/crc8.o
LOAD build/crc16.o
LOAD build/user_lib.o
LOAD build/HC05.o
LOAD build/bmi088.o
LOAD build/BMI088driver.o
LOAD build/BMI088Middleware.o
LOAD build/ins_task.o
LOAD build/ist8310.o
LOAD build/master_process.o
LOAD build/seasky_protocol.o
LOAD build/dji_motor.o
LOAD build/HT04.o
LOAD build/LK9025.o
LOAD build/dmmotor.o
LOAD build/step_motor.o
LOAD build/servo_motor.o
LOAD build/motor_task.o
LOAD build/power_control.o
LOAD build/oled.o
LOAD build/crc_ref.o
LOAD build/rm_referee.o
LOAD build/referee_UI.o
LOAD build/referee_task.o
LOAD build/remote_control.o
LOAD build/super_cap.o
LOAD build/can_comm.o
LOAD build/message_center.o
LOAD build/daemon.o
LOAD build/buzzer.o
LOAD build/gimbal.o
LOAD build/chassis.o
LOAD build/shoot.o
LOAD build/robot_cmd.o
LOAD build/robot.o
LOAD build/startup_stm32f407xx.o
LOAD build/SEGGER_RTT_ASM_ARMv7M.o
LOAD /opt/ST/STM32CubeCLT_1.19.0/GNU-tools-for-STM32/bin/../lib/gcc/arm-none-eabi/13.3.1/../../../../arm-none-eabi/lib/thumb/v7e-m+fp/hard/libc_nano.a
LOAD /opt/ST/STM32CubeCLT_1.19.0/GNU-tools-for-STM32/bin/../lib/gcc/arm-none-eabi/13.3.1/../../../../arm-none-eabi/lib/thumb/v7e-m+fp/hard/libm.a
LOAD /opt/ST/STM32CubeCLT_1.19.0/GNU-tools-for-STM32/bin/../lib/gcc/arm-none-eabi/13.3.1/../../../../arm-none-eabi/lib/thumb/v7e-m+fp/hard/libnosys.a
LOAD Middlewares/ST/ARM/DSP/Lib/libCMSISDSP.a
START GROUP
LOAD /opt/ST/STM32CubeCLT_1.19.0/GNU-tools-for-STM32/bin/../lib/gcc/arm-none-eabi/13.3.1/thumb/v7e-m+fp/hard/libgcc.a
LOAD /opt/ST/STM32CubeCLT_1.19.0/GNU-tools-for-STM32/bin/../lib/gcc/arm-none-eabi/13.3.1/../../../../arm-none-eabi/lib/thumb/v7e-m+fp/hard/libc_nano.a
END GROUP
START GROUP
LOAD /opt/ST/STM32CubeCLT_1.19.0/GNU-tools-for-STM32/bin/../lib/gcc/arm-none-eabi/13.3.1/thumb/v7e-m+fp/hard/libgcc.a
LOAD /opt/ST/STM32CubeCLT_1.19.0/GNU-tools-for-STM32/bin/../lib/gcc/arm-none-eabi/13.3.1/../../../../arm-none-eabi/lib/thumb/v7e-m+fp/hard/libc_nano.a
END GROUP
LOAD /opt/ST/STM32CubeCLT_1.19.0/GNU-tools-for-STM32/bin/../lib/gcc/arm-none-eabi/13.3.1/thumb/v7e-m+fp/hard/crtend.o
LOAD /opt/ST/STM32CubeCLT_1.19.0/GNU-tools-for-STM32/bin/../lib/gcc/arm-none-eabi/13.3.1/thumb/v7e-m+fp/hard/crtn.o
                0x20020000                        _estack = (ORIGIN (RAM) + LENGTH (RAM))
                0x00005000                        _Min_Heap_Size = 0x5000
                0x00005000                        _Min_Stack_Size = 0x5000

.isr_vector     0x08000000      0x188
                0x08000000                        . = ALIGN (0x4)
 *(.isr_vector)
 .isr_vector    0x08000000      0x188 build/startup_stm32f407xx.o
                0x08000000                g_pfnVectors
                0x08000188                        . = ALIGN (0x4)

.text           0x08000190    0x14c38
                0x08000190                        . = ALIGN (0x4)
 *(.text)
 .text          0x08000190       0x40 /opt/ST/STM32CubeCLT_1.19.0/GNU-tools-for-STM32/bin/../lib/gcc/arm-none-eabi/13.3.1/thumb/v7e-m+fp/hard/crtbegin.o
 .text          0x080001d0       0x14 /opt/ST/STM32CubeCLT_1.19.0/GNU-tools-for-STM32/bin/../lib/gcc/arm-none-eabi/13.3.1/../../../../arm-none-eabi/lib/thumb/v7e-m+fp/hard/libc_nano.a(libc_a-strcmp.o)
                0x080001d0                strcmp
 .text          0x080001e4       0x10 /opt/ST/STM32CubeCLT_1.19.0/GNU-tools-for-STM32/bin/../lib/gcc/arm-none-eabi/13.3.1/../../../../arm-none-eabi/lib/thumb/v7e-m+fp/hard/libc_nano.a(libc_a-strlen.o)
                0x080001e4                strlen
 *fill*         0x080001f4        0xc 
 .text          0x08000200       0xa0 /opt/ST/STM32CubeCLT_1.19.0/GNU-tools-for-STM32/bin/../lib/gcc/arm-none-eabi/13.3.1/../../../../arm-none-eabi/lib/thumb/v7e-m+fp/hard/libc_nano.a(libc_a-memchr.o)
                0x08000200                memchr
 .text          0x080002a0      0x378 /opt/ST/STM32CubeCLT_1.19.0/GNU-tools-for-STM32/bin/../lib/gcc/arm-none-eabi/13.3.1/thumb/v7e-m+fp/hard/libgcc.a(_arm_addsubdf3.o)
                0x080002a0                __aeabi_drsub
                0x080002a8                __subdf3
                0x080002a8                __aeabi_dsub
                0x080002ac                __aeabi_dadd
                0x080002ac                __adddf3
                0x08000524                __aeabi_ui2d
                0x08000524                __floatunsidf
                0x08000544                __floatsidf
                0x08000544                __aeabi_i2d
                0x08000568                __extendsfdf2
                0x08000568                __aeabi_f2d
                0x080005ac                __aeabi_ul2d
                0x080005ac                __floatundidf
                0x080005bc                __aeabi_l2d
                0x080005bc                __floatdidf
 .text          0x08000618      0x424 /opt/ST/STM32CubeCLT_1.19.0/GNU-tools-for-STM32/bin/../lib/gcc/arm-none-eabi/13.3.1/thumb/v7e-m+fp/hard/libgcc.a(_arm_muldivdf3.o)
                0x08000618                __aeabi_dmul
                0x08000618                __muldf3
                0x0800086c                __aeabi_ddiv
                0x0800086c                __divdf3
 .text          0x08000a3c      0x110 /opt/ST/STM32CubeCLT_1.19.0/GNU-tools-for-STM32/bin/../lib/gcc/arm-none-eabi/13.3.1/thumb/v7e-m+fp/hard/libgcc.a(_arm_cmpdf2.o)
                0x08000a3c                __gedf2
                0x08000a3c                __gtdf2
                0x08000a44                __ledf2
                0x08000a44                __ltdf2
                0x08000a4c                __cmpdf2
                0x08000a4c                __eqdf2
                0x08000a4c                __nedf2
                0x08000ac8                __aeabi_cdrcmple
                0x08000ad8                __aeabi_cdcmple
                0x08000ad8                __aeabi_cdcmpeq
                0x08000ae8                __aeabi_dcmpeq
                0x08000afc                __aeabi_dcmplt
                0x08000b10                __aeabi_dcmple
                0x08000b24                __aeabi_dcmpge
                0x08000b38                __aeabi_dcmpgt
 .text          0x08000b4c       0x2c /opt/ST/STM32CubeCLT_1.19.0/GNU-tools-for-STM32/bin/../lib/gcc/arm-none-eabi/13.3.1/thumb/v7e-m+fp/hard/libgcc.a(_arm_unorddf2.o)
                0x08000b4c                __aeabi_dcmpun
                0x08000b4c                __unorddf2
 .text          0x08000b78       0xa0 /opt/ST/STM32CubeCLT_1.19.0/GNU-tools-for-STM32/bin/../lib/gcc/arm-none-eabi/13.3.1/thumb/v7e-m+fp/hard/libgcc.a(_arm_truncdfsf2.o)
                0x08000b78                __aeabi_d2f
                0x08000b78                __truncdfsf2
 .text          0x08000c18       0x30 /opt/ST/STM32CubeCLT_1.19.0/GNU-tools-for-STM32/bin/../lib/gcc/arm-none-eabi/13.3.1/thumb/v7e-m+fp/hard/libgcc.a(_aeabi_uldivmod.o)
                0x08000c18                __aeabi_uldivmod
 .text          0x08000c48      0x2f8 /opt/ST/STM32CubeCLT_1.19.0/GNU-tools-for-STM32/bin/../lib/gcc/arm-none-eabi/13.3.1/thumb/v7e-m+fp/hard/libgcc.a(_udivmoddi4.o)
                0x08000c48                __udivmoddi4
 .text          0x08000f40        0x4 /opt/ST/STM32CubeCLT_1.19.0/GNU-tools-for-STM32/bin/../lib/gcc/arm-none-eabi/13.3.1/thumb/v7e-m+fp/hard/libgcc.a(_dvmd_tls.o)
                0x08000f40                __aeabi_ldiv0
                0x08000f40                __aeabi_idiv0
 *(.text*)
 .text.HAL_TIM_PeriodElapsedCallback
                0x08000f44       0x18 build/main.o
                0x08000f44                HAL_TIM_PeriodElapsedCallback
 .text.Error_Handler
                0x08000f5c        0x4 build/main.o
                0x08000f5c                Error_Handler
 .text.SystemClock_Config
                0x08000f60       0xa8 build/main.o
                0x08000f60                SystemClock_Config
 .text.main     0x08001008       0x6c build/main.o
                0x08001008                main
 .text.MX_GPIO_Init
                0x08001074      0x1a8 build/gpio.o
                0x08001074                MX_GPIO_Init
 .text.StartDefaultTask
                0x0800121c        0xe build/freertos.o
                0x0800121c                StartDefaultTask
 *fill*         0x0800122a        0x2 
 .text.vApplicationGetIdleTaskMemory
                0x0800122c       0x18 build/freertos.o
                0x0800122c                vApplicationGetIdleTaskMemory
 .text.MX_FREERTOS_Init
                0x08001244       0x30 build/freertos.o
                0x08001244                MX_FREERTOS_Init
 .text.MX_ADC1_Init
                0x08001274       0x70 build/adc.o
                0x08001274                MX_ADC1_Init
 .text.HAL_ADC_MspInit
                0x080012e4       0x30 build/adc.o
                0x080012e4                HAL_ADC_MspInit
 .text.MX_CAN1_Init
                0x08001314       0x44 build/can.o
                0x08001314                MX_CAN1_Init
 .text.MX_CAN2_Init
                0x08001358       0x44 build/can.o
                0x08001358                MX_CAN2_Init
 .text.HAL_CAN_MspInit
                0x0800139c      0x140 build/can.o
                0x0800139c                HAL_CAN_MspInit
 .text.MX_CRC_Init
                0x080014dc       0x20 build/crc.o
                0x080014dc                MX_CRC_Init
 .text.HAL_CRC_MspInit
                0x080014fc       0x30 build/crc.o
                0x080014fc                HAL_CRC_MspInit
 .text.MX_DAC_Init
                0x0800152c       0x44 build/dac.o
                0x0800152c                MX_DAC_Init
 .text.HAL_DAC_MspInit
                0x08001570       0x68 build/dac.o
                0x08001570                HAL_DAC_MspInit
 .text.MX_DMA_Init
                0x080015d8       0xc8 build/dma.o
                0x080015d8                MX_DMA_Init
 .text.MX_I2C2_Init
                0x080016a0       0x3c build/i2c.o
                0x080016a0                MX_I2C2_Init
 .text.MX_I2C3_Init
                0x080016dc       0x3c build/i2c.o
                0x080016dc                MX_I2C3_Init
 .text.HAL_I2C_MspInit
                0x08001718      0x1b4 build/i2c.o
                0x08001718                HAL_I2C_MspInit
 .text.MX_RNG_Init
                0x080018cc       0x20 build/rng.o
                0x080018cc                MX_RNG_Init
 .text.HAL_RNG_MspInit
                0x080018ec       0x30 build/rng.o
                0x080018ec                HAL_RNG_MspInit
 .text.MX_RTC_Init
                0x0800191c       0x34 build/rtc.o
                0x0800191c                MX_RTC_Init
 .text.HAL_RTC_MspInit
                0x08001950       0x48 build/rtc.o
                0x08001950                HAL_RTC_MspInit
 .text.MX_SPI1_Init
                0x08001998       0x48 build/spi.o
                0x08001998                MX_SPI1_Init
 .text.MX_SPI2_Init
                0x080019e0       0x48 build/spi.o
                0x080019e0                MX_SPI2_Init
 .text.HAL_SPI_MspInit
                0x08001a28      0x1ac build/spi.o
                0x08001a28                HAL_SPI_MspInit
 .text.HAL_TIM_Base_MspInit
                0x08001bd4       0xd0 build/tim.o
                0x08001bd4                HAL_TIM_Base_MspInit
 .text.HAL_TIM_MspPostInit
                0x08001ca4      0x188 build/tim.o
                0x08001ca4                HAL_TIM_MspPostInit
 .text.MX_TIM1_Init
                0x08001e2c      0x120 build/tim.o
                0x08001e2c                MX_TIM1_Init
 .text.MX_TIM4_Init
                0x08001f4c       0xb0 build/tim.o
                0x08001f4c                MX_TIM4_Init
 .text.MX_TIM5_Init
                0x08001ffc       0xd4 build/tim.o
                0x08001ffc                MX_TIM5_Init
 .text.MX_TIM8_Init
                0x080020d0      0x10c build/tim.o
                0x080020d0                MX_TIM8_Init
 .text.MX_TIM10_Init
                0x080021dc       0x74 build/tim.o
                0x080021dc                MX_TIM10_Init
 .text.MX_USART1_UART_Init
                0x08002250       0x34 build/usart.o
                0x08002250                MX_USART1_UART_Init
 .text.MX_USART3_UART_Init
                0x08002284       0x40 build/usart.o
                0x08002284                MX_USART3_UART_Init
 .text.MX_USART6_UART_Init
                0x080022c4       0x34 build/usart.o
                0x080022c4                MX_USART6_UART_Init
 .text.HAL_UART_MspInit
                0x080022f8      0x2d4 build/usart.o
                0x080022f8                HAL_UART_MspInit
 .text.MX_USB_DEVICE_Init
                0x080025cc       0x54 build/usb_device.o
                0x080025cc                MX_USB_DEVICE_Init
 .text.HAL_PCD_MspInit
                0x08002620       0xc0 build/usbd_conf.o
                0x08002620                HAL_PCD_MspInit
 .text.HAL_PCD_SetupStageCallback
                0x080026e0       0x10 build/usbd_conf.o
                0x080026e0                HAL_PCD_SetupStageCallback
 .text.HAL_PCD_DataOutStageCallback
                0x080026f0       0x18 build/usbd_conf.o
                0x080026f0                HAL_PCD_DataOutStageCallback
 .text.HAL_PCD_DataInStageCallback
                0x08002708       0x16 build/usbd_conf.o
                0x08002708                HAL_PCD_DataInStageCallback
 .text.HAL_PCD_SOFCallback
                0x0800271e        0xc build/usbd_conf.o
                0x0800271e                HAL_PCD_SOFCallback
 .text.HAL_PCD_ResetCallback
                0x0800272a       0x2c build/usbd_conf.o
                0x0800272a                HAL_PCD_ResetCallback
 *fill*         0x08002756        0x2 
 .text.HAL_PCD_SuspendCallback
                0x08002758       0x30 build/usbd_conf.o
                0x08002758                HAL_PCD_SuspendCallback
 .text.HAL_PCD_ResumeCallback
                0x08002788        0xc build/usbd_conf.o
                0x08002788                HAL_PCD_ResumeCallback
 .text.HAL_PCD_ISOOUTIncompleteCallback
                0x08002794        0xc build/usbd_conf.o
                0x08002794                HAL_PCD_ISOOUTIncompleteCallback
 .text.HAL_PCD_ISOINIncompleteCallback
                0x080027a0        0xc build/usbd_conf.o
                0x080027a0                HAL_PCD_ISOINIncompleteCallback
 .text.HAL_PCD_ConnectCallback
                0x080027ac        0xc build/usbd_conf.o
                0x080027ac                HAL_PCD_ConnectCallback
 .text.HAL_PCD_DisconnectCallback
                0x080027b8        0xc build/usbd_conf.o
                0x080027b8                HAL_PCD_DisconnectCallback
 .text.USBD_LL_Init
                0x080027c4       0x68 build/usbd_conf.o
                0x080027c4                USBD_LL_Init
 .text.USBD_LL_IsStallEP
                0x0800282c       0x2e build/usbd_conf.o
                0x0800282c                USBD_LL_IsStallEP
 .text.USBD_LL_GetRxDataSize
                0x0800285a        0xc build/usbd_conf.o
                0x0800285a                USBD_LL_GetRxDataSize
 *fill*         0x08002866        0x2 
 .text.USBD_static_malloc
                0x08002868        0x8 build/usbd_conf.o
                0x08002868                USBD_static_malloc
 .text.USBD_static_free
                0x08002870        0x2 build/usbd_conf.o
                0x08002870                USBD_static_free
 .text.USBD_Get_USB_Status
                0x08002872       0x14 build/usbd_conf.o
                0x08002872                USBD_Get_USB_Status
 .text.USBD_LL_Start
                0x08002886       0x10 build/usbd_conf.o
                0x08002886                USBD_LL_Start
 .text.USBD_LL_OpenEP
                0x08002896       0x16 build/usbd_conf.o
                0x08002896                USBD_LL_OpenEP
 .text.USBD_LL_CloseEP
                0x080028ac       0x10 build/usbd_conf.o
                0x080028ac                USBD_LL_CloseEP
 .text.USBD_LL_StallEP
                0x080028bc       0x10 build/usbd_conf.o
                0x080028bc                USBD_LL_StallEP
 .text.USBD_LL_ClearStallEP
                0x080028cc       0x10 build/usbd_conf.o
                0x080028cc                USBD_LL_ClearStallEP
 .text.USBD_LL_SetUSBAddress
                0x080028dc       0x10 build/usbd_conf.o
                0x080028dc                USBD_LL_SetUSBAddress
 .text.USBD_LL_Transmit
                0x080028ec       0x10 build/usbd_conf.o
                0x080028ec                USBD_LL_Transmit
 .text.USBD_LL_PrepareReceive
                0x080028fc       0x10 build/usbd_conf.o
                0x080028fc                USBD_LL_PrepareReceive
 .text.USBD_FS_DeviceDescriptor
                0x0800290c        0xc build/usbd_desc.o
                0x0800290c                USBD_FS_DeviceDescriptor
 .text.USBD_FS_LangIDStrDescriptor
                0x08002918        0xc build/usbd_desc.o
                0x08002918                USBD_FS_LangIDStrDescriptor
 .text.IntToUnicode
                0x08002924       0x46 build/usbd_desc.o
 *fill*         0x0800296a        0x2 
 .text.Get_SerialNum
                0x0800296c       0x38 build/usbd_desc.o
 .text.USBD_FS_SerialStrDescriptor
                0x080029a4       0x14 build/usbd_desc.o
                0x080029a4                USBD_FS_SerialStrDescriptor
 .text.USBD_FS_ProductStrDescriptor
                0x080029b8       0x24 build/usbd_desc.o
                0x080029b8                USBD_FS_ProductStrDescriptor
 .text.USBD_FS_ManufacturerStrDescriptor
                0x080029dc       0x1c build/usbd_desc.o
                0x080029dc                USBD_FS_ManufacturerStrDescriptor
 .text.USBD_FS_ConfigStrDescriptor
                0x080029f8       0x24 build/usbd_desc.o
                0x080029f8                USBD_FS_ConfigStrDescriptor
 .text.USBD_FS_InterfaceStrDescriptor
                0x08002a1c       0x24 build/usbd_desc.o
                0x08002a1c                USBD_FS_InterfaceStrDescriptor
 .text.CDC_DeInit_FS
                0x08002a40        0x4 build/usbd_cdc_if.o
 .text.CDC_Control_FS
                0x08002a44        0x4 build/usbd_cdc_if.o
 .text.CDC_TransmitCplt_FS
                0x08002a48       0x14 build/usbd_cdc_if.o
 .text.CDC_Receive_FS
                0x08002a5c       0x2c build/usbd_cdc_if.o
 .text.CDC_Init_FS
                0x08002a88       0x28 build/usbd_cdc_if.o
 .text.CDC_Transmit_FS
                0x08002ab0       0x2c build/usbd_cdc_if.o
                0x08002ab0                CDC_Transmit_FS
 .text.CDCInitRxbufferNcallback
                0x08002adc       0x18 build/usbd_cdc_if.o
                0x08002adc                CDCInitRxbufferNcallback
 .text.NMI_Handler
                0x08002af4        0x2 build/stm32f4xx_it.o
                0x08002af4                NMI_Handler
 .text.HardFault_Handler
                0x08002af6        0x6 build/stm32f4xx_it.o
                0x08002af6                HardFault_Handler
 .text.MemManage_Handler
                0x08002afc        0x2 build/stm32f4xx_it.o
                0x08002afc                MemManage_Handler
 .text.BusFault_Handler
                0x08002afe        0x2 build/stm32f4xx_it.o
                0x08002afe                BusFault_Handler
 .text.UsageFault_Handler
                0x08002b00        0x2 build/stm32f4xx_it.o
                0x08002b00                UsageFault_Handler
 .text.DebugMon_Handler
                0x08002b02        0x2 build/stm32f4xx_it.o
                0x08002b02                DebugMon_Handler
 .text.FLASH_IRQHandler
                0x08002b04        0x8 build/stm32f4xx_it.o
                0x08002b04                FLASH_IRQHandler
 .text.EXTI3_IRQHandler
                0x08002b0c        0xa build/stm32f4xx_it.o
                0x08002b0c                EXTI3_IRQHandler
 .text.EXTI4_IRQHandler
                0x08002b16        0xa build/stm32f4xx_it.o
                0x08002b16                EXTI4_IRQHandler
 .text.DMA1_Stream1_IRQHandler
                0x08002b20       0x10 build/stm32f4xx_it.o
                0x08002b20                DMA1_Stream1_IRQHandler
 .text.DMA1_Stream2_IRQHandler
                0x08002b30       0x10 build/stm32f4xx_it.o
                0x08002b30                DMA1_Stream2_IRQHandler
 .text.CAN1_RX0_IRQHandler
                0x08002b40       0x10 build/stm32f4xx_it.o
                0x08002b40                CAN1_RX0_IRQHandler
 .text.CAN1_RX1_IRQHandler
                0x08002b50       0x10 build/stm32f4xx_it.o
                0x08002b50                CAN1_RX1_IRQHandler
 .text.EXTI9_5_IRQHandler
                0x08002b60        0xa build/stm32f4xx_it.o
                0x08002b60                EXTI9_5_IRQHandler
 *fill*         0x08002b6a        0x2 
 .text.I2C2_EV_IRQHandler
                0x08002b6c       0x10 build/stm32f4xx_it.o
                0x08002b6c                I2C2_EV_IRQHandler
 .text.I2C2_ER_IRQHandler
                0x08002b7c       0x10 build/stm32f4xx_it.o
                0x08002b7c                I2C2_ER_IRQHandler
 .text.SPI1_IRQHandler
                0x08002b8c       0x10 build/stm32f4xx_it.o
                0x08002b8c                SPI1_IRQHandler
 .text.SPI2_IRQHandler
                0x08002b9c       0x10 build/stm32f4xx_it.o
                0x08002b9c                SPI2_IRQHandler
 .text.USART1_IRQHandler
                0x08002bac       0x10 build/stm32f4xx_it.o
                0x08002bac                USART1_IRQHandler
 .text.USART3_IRQHandler
                0x08002bbc       0x10 build/stm32f4xx_it.o
                0x08002bbc                USART3_IRQHandler
 .text.TIM8_TRG_COM_TIM14_IRQHandler
                0x08002bcc       0x18 build/stm32f4xx_it.o
                0x08002bcc                TIM8_TRG_COM_TIM14_IRQHandler
 .text.DMA1_Stream7_IRQHandler
                0x08002be4       0x10 build/stm32f4xx_it.o
                0x08002be4                DMA1_Stream7_IRQHandler
 .text.DMA2_Stream0_IRQHandler
                0x08002bf4       0x10 build/stm32f4xx_it.o
                0x08002bf4                DMA2_Stream0_IRQHandler
 .text.DMA2_Stream2_IRQHandler
                0x08002c04       0x10 build/stm32f4xx_it.o
                0x08002c04                DMA2_Stream2_IRQHandler
 .text.DMA2_Stream3_IRQHandler
                0x08002c14       0x10 build/stm32f4xx_it.o
                0x08002c14                DMA2_Stream3_IRQHandler
 .text.CAN2_RX0_IRQHandler
                0x08002c24       0x10 build/stm32f4xx_it.o
                0x08002c24                CAN2_RX0_IRQHandler
 .text.CAN2_RX1_IRQHandler
                0x08002c34       0x10 build/stm32f4xx_it.o
                0x08002c34                CAN2_RX1_IRQHandler
 .text.OTG_FS_IRQHandler
                0x08002c44       0x10 build/stm32f4xx_it.o
                0x08002c44                OTG_FS_IRQHandler
 .text.DMA2_Stream5_IRQHandler
                0x08002c54       0x10 build/stm32f4xx_it.o
                0x08002c54                DMA2_Stream5_IRQHandler
 .text.DMA2_Stream6_IRQHandler
                0x08002c64       0x10 build/stm32f4xx_it.o
                0x08002c64                DMA2_Stream6_IRQHandler
 .text.DMA2_Stream7_IRQHandler
                0x08002c74       0x10 build/stm32f4xx_it.o
                0x08002c74                DMA2_Stream7_IRQHandler
 .text.USART6_IRQHandler
                0x08002c84       0x10 build/stm32f4xx_it.o
                0x08002c84                USART6_IRQHandler
 .text.I2C3_EV_IRQHandler
                0x08002c94       0x10 build/stm32f4xx_it.o
                0x08002c94                I2C3_EV_IRQHandler
 .text.I2C3_ER_IRQHandler
                0x08002ca4       0x10 build/stm32f4xx_it.o
                0x08002ca4                I2C3_ER_IRQHandler
 .text.HAL_MspInit
                0x08002cb4       0x54 build/stm32f4xx_hal_msp.o
                0x08002cb4                HAL_MspInit
 .text.HAL_InitTick
                0x08002d08       0xa4 build/stm32f4xx_hal_timebase_tim.o
                0x08002d08                HAL_InitTick
 .text.PCD_WriteEmptyTxFifo
                0x08002dac       0xd0 build/stm32f4xx_hal_pcd.o
 .text.HAL_PCD_Init
                0x08002e7c      0x12e build/stm32f4xx_hal_pcd.o
                0x08002e7c                HAL_PCD_Init
 .text.HAL_PCD_Start
                0x08002faa       0x42 build/stm32f4xx_hal_pcd.o
                0x08002faa                HAL_PCD_Start
 .text.PCD_EP_OutXfrComplete_int
                0x08002fec      0x104 build/stm32f4xx_hal_pcd.o
 .text.PCD_EP_OutSetupPacket_int
                0x080030f0       0x50 build/stm32f4xx_hal_pcd.o
 .text.HAL_PCD_SetAddress
                0x08003140       0x28 build/stm32f4xx_hal_pcd.o
                0x08003140                HAL_PCD_SetAddress
 .text.HAL_PCD_EP_Open
                0x08003168       0x8a build/stm32f4xx_hal_pcd.o
                0x08003168                HAL_PCD_EP_Open
 .text.HAL_PCD_EP_Close
                0x080031f2       0x72 build/stm32f4xx_hal_pcd.o
                0x080031f2                HAL_PCD_EP_Close
 .text.HAL_PCD_EP_Receive
                0x08003264       0x5e build/stm32f4xx_hal_pcd.o
                0x08003264                HAL_PCD_EP_Receive
 .text.HAL_PCD_EP_GetRxCount
                0x080032c2       0x12 build/stm32f4xx_hal_pcd.o
                0x080032c2                HAL_PCD_EP_GetRxCount
 .text.HAL_PCD_EP_Transmit
                0x080032d4       0x5e build/stm32f4xx_hal_pcd.o
                0x080032d4                HAL_PCD_EP_Transmit
 .text.HAL_PCD_EP_SetStall
                0x08003332       0x88 build/stm32f4xx_hal_pcd.o
                0x08003332                HAL_PCD_EP_SetStall
 .text.HAL_PCD_EP_ClrStall
                0x080033ba       0x76 build/stm32f4xx_hal_pcd.o
                0x080033ba                HAL_PCD_EP_ClrStall
 .text.HAL_PCD_EP_Abort
                0x08003430       0x34 build/stm32f4xx_hal_pcd.o
                0x08003430                HAL_PCD_EP_Abort
 .text.HAL_PCD_IRQHandler
                0x08003464      0x5c8 build/stm32f4xx_hal_pcd.o
                0x08003464                HAL_PCD_IRQHandler
 .text.HAL_PCDEx_SetTxFiFo
                0x08003a2c       0x4c build/stm32f4xx_hal_pcd_ex.o
                0x08003a2c                HAL_PCDEx_SetTxFiFo
 .text.HAL_PCDEx_SetRxFiFo
                0x08003a78        0x8 build/stm32f4xx_hal_pcd_ex.o
                0x08003a78                HAL_PCDEx_SetRxFiFo
 .text.HAL_PCDEx_LPM_Callback
                0x08003a80        0x2 build/stm32f4xx_hal_pcd_ex.o
                0x08003a80                HAL_PCDEx_LPM_Callback
 *fill*         0x08003a82        0x2 
 .text.USB_CoreReset
                0x08003a84       0x50 build/stm32f4xx_ll_usb.o
 .text.USB_CoreInit
                0x08003ad4       0x8a build/stm32f4xx_ll_usb.o
                0x08003ad4                USB_CoreInit
 *fill*         0x08003b5e        0x2 
 .text.USB_SetTurnaroundTime
                0x08003b60       0xe4 build/stm32f4xx_ll_usb.o
                0x08003b60                USB_SetTurnaroundTime
 .text.USB_EnableGlobalInt
                0x08003c44        0xc build/stm32f4xx_ll_usb.o
                0x08003c44                USB_EnableGlobalInt
 .text.USB_DisableGlobalInt
                0x08003c50        0xc build/stm32f4xx_ll_usb.o
                0x08003c50                USB_DisableGlobalInt
 .text.USB_FlushTxFifo
                0x08003c5c       0x50 build/stm32f4xx_ll_usb.o
                0x08003c5c                USB_FlushTxFifo
 .text.USB_FlushRxFifo
                0x08003cac       0x4c build/stm32f4xx_ll_usb.o
                0x08003cac                USB_FlushRxFifo
 .text.USB_SetDevSpeed
                0x08003cf8        0xe build/stm32f4xx_ll_usb.o
                0x08003cf8                USB_SetDevSpeed
 *fill*         0x08003d06        0x2 
 .text.USB_DevInit
                0x08003d08      0x190 build/stm32f4xx_ll_usb.o
                0x08003d08                USB_DevInit
 .text.USB_GetDevSpeed
                0x08003e98       0x22 build/stm32f4xx_ll_usb.o
                0x08003e98                USB_GetDevSpeed
 .text.USB_ActivateEndpoint
                0x08003eba       0x9a build/stm32f4xx_ll_usb.o
                0x08003eba                USB_ActivateEndpoint
 .text.USB_DeactivateEndpoint
                0x08003f54       0xe0 build/stm32f4xx_ll_usb.o
                0x08003f54                USB_DeactivateEndpoint
 .text.USB_EP0StartXfer
                0x08004034      0x118 build/stm32f4xx_ll_usb.o
                0x08004034                USB_EP0StartXfer
 .text.USB_EPStopXfer
                0x0800414c       0xbe build/stm32f4xx_ll_usb.o
                0x0800414c                USB_EPStopXfer
 .text.USB_WritePacket
                0x0800420a       0x2e build/stm32f4xx_ll_usb.o
                0x0800420a                USB_WritePacket
 .text.USB_EPStartXfer
                0x08004238      0x228 build/stm32f4xx_ll_usb.o
                0x08004238                USB_EPStartXfer
 .text.USB_ReadPacket
                0x08004460       0x46 build/stm32f4xx_ll_usb.o
                0x08004460                USB_ReadPacket
 .text.USB_EPSetStall
                0x080044a6       0x5a build/stm32f4xx_ll_usb.o
                0x080044a6                USB_EPSetStall
 .text.USB_EPClearStall
                0x08004500       0x5c build/stm32f4xx_ll_usb.o
                0x08004500                USB_EPClearStall
 .text.USB_SetDevAddress
                0x0800455c       0x20 build/stm32f4xx_ll_usb.o
                0x0800455c                USB_SetDevAddress
 .text.USB_DevConnect
                0x0800457c       0x1c build/stm32f4xx_ll_usb.o
                0x0800457c                USB_DevConnect
 .text.USB_DevDisconnect
                0x08004598       0x1c build/stm32f4xx_ll_usb.o
                0x08004598                USB_DevDisconnect
 .text.USB_ReadInterrupts
                0x080045b4        0x8 build/stm32f4xx_ll_usb.o
                0x080045b4                USB_ReadInterrupts
 .text.USB_ReadDevAllOutEpInterrupt
                0x080045bc       0x10 build/stm32f4xx_ll_usb.o
                0x080045bc                USB_ReadDevAllOutEpInterrupt
 .text.USB_ReadDevAllInEpInterrupt
                0x080045cc       0x10 build/stm32f4xx_ll_usb.o
                0x080045cc                USB_ReadDevAllInEpInterrupt
 .text.USB_ReadDevOutEPInterrupt
                0x080045dc       0x12 build/stm32f4xx_ll_usb.o
                0x080045dc                USB_ReadDevOutEPInterrupt
 .text.USB_ReadDevInEPInterrupt
                0x080045ee       0x24 build/stm32f4xx_ll_usb.o
                0x080045ee                USB_ReadDevInEPInterrupt
 .text.USB_GetMode
                0x08004612        0x8 build/stm32f4xx_ll_usb.o
                0x08004612                USB_GetMode
 .text.USB_SetCurrentMode
                0x0800461a       0x62 build/stm32f4xx_ll_usb.o
                0x0800461a                USB_SetCurrentMode
 .text.USB_ActivateSetup
                0x0800467c       0x1c build/stm32f4xx_ll_usb.o
                0x0800467c                USB_ActivateSetup
 .text.USB_EP0_OutStart
                0x08004698       0x60 build/stm32f4xx_ll_usb.o
                0x08004698                USB_EP0_OutStart
 .text.HAL_RCC_OscConfig
                0x080046f8      0x3f8 build/stm32f4xx_hal_rcc.o
                0x080046f8                HAL_RCC_OscConfig
 .text.HAL_RCC_GetSysClockFreq
                0x08004af0       0xa8 build/stm32f4xx_hal_rcc.o
                0x08004af0                HAL_RCC_GetSysClockFreq
 .text.HAL_RCC_ClockConfig
                0x08004b98      0x160 build/stm32f4xx_hal_rcc.o
                0x08004b98                HAL_RCC_ClockConfig
 .text.HAL_RCC_GetHCLKFreq
                0x08004cf8        0xc build/stm32f4xx_hal_rcc.o
                0x08004cf8                HAL_RCC_GetHCLKFreq
 .text.HAL_RCC_GetPCLK1Freq
                0x08004d04       0x20 build/stm32f4xx_hal_rcc.o
                0x08004d04                HAL_RCC_GetPCLK1Freq
 .text.HAL_RCC_GetPCLK2Freq
                0x08004d24       0x20 build/stm32f4xx_hal_rcc.o
                0x08004d24                HAL_RCC_GetPCLK2Freq
 .text.HAL_RCC_GetClockConfig
                0x08004d44       0x3c build/stm32f4xx_hal_rcc.o
                0x08004d44                HAL_RCC_GetClockConfig
 .text.HAL_RCCEx_PeriphCLKConfig
                0x08004d80      0x154 build/stm32f4xx_hal_rcc_ex.o
                0x08004d80                HAL_RCCEx_PeriphCLKConfig
 .text.FLASH_SetErrorCode
                0x08004ed4       0x8c build/stm32f4xx_hal_flash.o
 .text.HAL_FLASH_EndOfOperationCallback
                0x08004f60        0x2 build/stm32f4xx_hal_flash.o
                0x08004f60                HAL_FLASH_EndOfOperationCallback
 .text.HAL_FLASH_OperationErrorCallback
                0x08004f62        0x2 build/stm32f4xx_hal_flash.o
                0x08004f62                HAL_FLASH_OperationErrorCallback
 .text.HAL_FLASH_IRQHandler
                0x08004f64       0xf4 build/stm32f4xx_hal_flash.o
                0x08004f64                HAL_FLASH_IRQHandler
 .text.FLASH_Erase_Sector
                0x08005058       0x4c build/stm32f4xx_hal_flash_ex.o
                0x08005058                FLASH_Erase_Sector
 .text.FLASH_FlushCaches
                0x080050a4       0x60 build/stm32f4xx_hal_flash_ex.o
                0x080050a4                FLASH_FlushCaches
 .text.HAL_GPIO_Init
                0x08005104      0x1ec build/stm32f4xx_hal_gpio.o
                0x08005104                HAL_GPIO_Init
 .text.HAL_GPIO_WritePin
                0x080052f0        0xc build/stm32f4xx_hal_gpio.o
                0x080052f0                HAL_GPIO_WritePin
 .text.HAL_GPIO_EXTI_IRQHandler
                0x080052fc       0x1c build/stm32f4xx_hal_gpio.o
                0x080052fc                HAL_GPIO_EXTI_IRQHandler
 .text.DMA_SetConfig
                0x08005318       0x2c build/stm32f4xx_hal_dma.o
 .text.DMA_CalcBaseAndBitshift
                0x08005344       0x3c build/stm32f4xx_hal_dma.o
 .text.DMA_CheckFifoParam
                0x08005380       0x8e build/stm32f4xx_hal_dma.o
 *fill*         0x0800540e        0x2 
 .text.HAL_DMA_Init
                0x08005410       0xcc build/stm32f4xx_hal_dma.o
                0x08005410                HAL_DMA_Init
 .text.HAL_DMA_Start_IT
                0x080054dc       0x6a build/stm32f4xx_hal_dma.o
                0x080054dc                HAL_DMA_Start_IT
 .text.HAL_DMA_Abort
                0x08005546       0x94 build/stm32f4xx_hal_dma.o
                0x08005546                HAL_DMA_Abort
 .text.HAL_DMA_Abort_IT
                0x080055da       0x26 build/stm32f4xx_hal_dma.o
                0x080055da                HAL_DMA_Abort_IT
 .text.HAL_DMA_IRQHandler
                0x08005600      0x1dc build/stm32f4xx_hal_dma.o
                0x08005600                HAL_DMA_IRQHandler
 .text.HAL_DMA_GetState
                0x080057dc        0x6 build/stm32f4xx_hal_dma.o
                0x080057dc                HAL_DMA_GetState
 *fill*         0x080057e2        0x2 
 .text.__NVIC_SetPriority
                0x080057e4       0x28 build/stm32f4xx_hal_cortex.o
 .text.NVIC_EncodePriority
                0x0800580c       0x3e build/stm32f4xx_hal_cortex.o
 *fill*         0x0800584a        0x2 
 .text.HAL_NVIC_SetPriorityGrouping
                0x0800584c       0x24 build/stm32f4xx_hal_cortex.o
                0x0800584c                HAL_NVIC_SetPriorityGrouping
 .text.HAL_NVIC_SetPriority
                0x08005870       0x20 build/stm32f4xx_hal_cortex.o
                0x08005870                HAL_NVIC_SetPriority
 .text.HAL_NVIC_EnableIRQ
                0x08005890       0x1c build/stm32f4xx_hal_cortex.o
                0x08005890                HAL_NVIC_EnableIRQ
 .text.HAL_Init
                0x080058ac       0x34 build/stm32f4xx_hal.o
                0x080058ac                HAL_Init
 .text.HAL_IncTick
                0x080058e0       0x18 build/stm32f4xx_hal.o
                0x080058e0                HAL_IncTick
 .text.HAL_GetTick
                0x080058f8        0xc build/stm32f4xx_hal.o
                0x080058f8                HAL_GetTick
 .text.HAL_Delay
                0x08005904       0x28 build/stm32f4xx_hal.o
                0x08005904                HAL_Delay
 .text.ADC_Init
                0x0800592c      0x134 build/stm32f4xx_hal_adc.o
 .text.HAL_ADC_Init
                0x08005a60       0x56 build/stm32f4xx_hal_adc.o
                0x08005a60                HAL_ADC_Init
 *fill*         0x08005ab6        0x2 
 .text.HAL_ADC_ConfigChannel
                0x08005ab8      0x194 build/stm32f4xx_hal_adc.o
                0x08005ab8                HAL_ADC_ConfigChannel
 .text.HAL_CAN_Init
                0x08005c4c      0x14c build/stm32f4xx_hal_can.o
                0x08005c4c                HAL_CAN_Init
 .text.HAL_CAN_ConfigFilter
                0x08005d98      0x138 build/stm32f4xx_hal_can.o
                0x08005d98                HAL_CAN_ConfigFilter
 .text.HAL_CAN_Start
                0x08005ed0       0x5c build/stm32f4xx_hal_can.o
                0x08005ed0                HAL_CAN_Start
 .text.HAL_CAN_AddTxMessage
                0x08005f2c       0xfc build/stm32f4xx_hal_can.o
                0x08005f2c                HAL_CAN_AddTxMessage
 .text.HAL_CAN_GetTxMailboxesFreeLevel
                0x08006028       0x32 build/stm32f4xx_hal_can.o
                0x08006028                HAL_CAN_GetTxMailboxesFreeLevel
 .text.HAL_CAN_GetRxMessage
                0x0800605a      0x14a build/stm32f4xx_hal_can.o
                0x0800605a                HAL_CAN_GetRxMessage
 .text.HAL_CAN_GetRxFifoFillLevel
                0x080061a4       0x26 build/stm32f4xx_hal_can.o
                0x080061a4                HAL_CAN_GetRxFifoFillLevel
 .text.HAL_CAN_ActivateNotification
                0x080061ca       0x24 build/stm32f4xx_hal_can.o
                0x080061ca                HAL_CAN_ActivateNotification
 .text.HAL_CAN_TxMailbox0CompleteCallback
                0x080061ee        0x2 build/stm32f4xx_hal_can.o
                0x080061ee                HAL_CAN_TxMailbox0CompleteCallback
 .text.HAL_CAN_TxMailbox1CompleteCallback
                0x080061f0        0x2 build/stm32f4xx_hal_can.o
                0x080061f0                HAL_CAN_TxMailbox1CompleteCallback
 .text.HAL_CAN_TxMailbox2CompleteCallback
                0x080061f2        0x2 build/stm32f4xx_hal_can.o
                0x080061f2                HAL_CAN_TxMailbox2CompleteCallback
 .text.HAL_CAN_TxMailbox0AbortCallback
                0x080061f4        0x2 build/stm32f4xx_hal_can.o
                0x080061f4                HAL_CAN_TxMailbox0AbortCallback
 .text.HAL_CAN_TxMailbox1AbortCallback
                0x080061f6        0x2 build/stm32f4xx_hal_can.o
                0x080061f6                HAL_CAN_TxMailbox1AbortCallback
 .text.HAL_CAN_TxMailbox2AbortCallback
                0x080061f8        0x2 build/stm32f4xx_hal_can.o
                0x080061f8                HAL_CAN_TxMailbox2AbortCallback
 .text.HAL_CAN_RxFifo0FullCallback
                0x080061fa        0x2 build/stm32f4xx_hal_can.o
                0x080061fa                HAL_CAN_RxFifo0FullCallback
 .text.HAL_CAN_RxFifo1FullCallback
                0x080061fc        0x2 build/stm32f4xx_hal_can.o
                0x080061fc                HAL_CAN_RxFifo1FullCallback
 .text.HAL_CAN_SleepCallback
                0x080061fe        0x2 build/stm32f4xx_hal_can.o
                0x080061fe                HAL_CAN_SleepCallback
 .text.HAL_CAN_WakeUpFromRxMsgCallback
                0x08006200        0x2 build/stm32f4xx_hal_can.o
                0x08006200                HAL_CAN_WakeUpFromRxMsgCallback
 .text.HAL_CAN_ErrorCallback
                0x08006202        0x2 build/stm32f4xx_hal_can.o
                0x08006202                HAL_CAN_ErrorCallback
 .text.HAL_CAN_IRQHandler
                0x08006204      0x250 build/stm32f4xx_hal_can.o
                0x08006204                HAL_CAN_IRQHandler
 .text.HAL_CRC_Init
                0x08006454       0x1e build/stm32f4xx_hal_crc.o
                0x08006454                HAL_CRC_Init
 .text.HAL_DAC_Init
                0x08006472       0x24 build/stm32f4xx_hal_dac.o
                0x08006472                HAL_DAC_Init
 .text.HAL_DAC_ConfigChannel
                0x08006496       0x58 build/stm32f4xx_hal_dac.o
                0x08006496                HAL_DAC_ConfigChannel
 .text.I2C_Master_SB
                0x080064ee       0xa8 build/stm32f4xx_hal_i2c.o
 .text.I2C_Master_ADD10
                0x08006596       0x2a build/stm32f4xx_hal_i2c.o
 .text.I2C_Master_ADDR
                0x080065c0      0x230 build/stm32f4xx_hal_i2c.o
 .text.I2C_SlaveTransmit_BTF
                0x080067f0       0x20 build/stm32f4xx_hal_i2c.o
 .text.I2C_SlaveReceive_BTF
                0x08006810       0x20 build/stm32f4xx_hal_i2c.o
 .text.I2C_WaitOnSTOPRequestThroughIT
                0x08006830       0x48 build/stm32f4xx_hal_i2c.o
 .text.I2C_ConvertOtherXferOptions
                0x08006878       0x1e build/stm32f4xx_hal_i2c.o
 *fill*         0x08006896        0x2 
 .text.HAL_I2C_Init
                0x08006898      0x1bc build/stm32f4xx_hal_i2c.o
                0x08006898                HAL_I2C_Init
 .text.HAL_I2C_MasterTxCpltCallback
                0x08006a54        0x2 build/stm32f4xx_hal_i2c.o
                0x08006a54                HAL_I2C_MasterTxCpltCallback
 .text.HAL_I2C_SlaveTxCpltCallback
                0x08006a56        0x2 build/stm32f4xx_hal_i2c.o
                0x08006a56                HAL_I2C_SlaveTxCpltCallback
 .text.I2C_SlaveTransmit_TXE
                0x08006a58       0x4c build/stm32f4xx_hal_i2c.o
 .text.HAL_I2C_SlaveRxCpltCallback
                0x08006aa4        0x2 build/stm32f4xx_hal_i2c.o
                0x08006aa4                HAL_I2C_SlaveRxCpltCallback
 .text.I2C_SlaveReceive_RXNE
                0x08006aa6       0x4c build/stm32f4xx_hal_i2c.o
 .text.HAL_I2C_AddrCallback
                0x08006af2        0x2 build/stm32f4xx_hal_i2c.o
                0x08006af2                HAL_I2C_AddrCallback
 .text.I2C_Slave_ADDR
                0x08006af4       0x5a build/stm32f4xx_hal_i2c.o
 .text.HAL_I2C_ListenCpltCallback
                0x08006b4e        0x2 build/stm32f4xx_hal_i2c.o
                0x08006b4e                HAL_I2C_ListenCpltCallback
 .text.I2C_Slave_AF
                0x08006b50       0x94 build/stm32f4xx_hal_i2c.o
 .text.HAL_I2C_MemTxCpltCallback
                0x08006be4        0x2 build/stm32f4xx_hal_i2c.o
                0x08006be4                HAL_I2C_MemTxCpltCallback
 .text.I2C_MasterTransmit_BTF
                0x08006be6       0x9e build/stm32f4xx_hal_i2c.o
 .text.I2C_MemoryTransmit_TXE_BTF
                0x08006c84       0xbe build/stm32f4xx_hal_i2c.o
 .text.I2C_MasterTransmit_TXE
                0x08006d42       0xd4 build/stm32f4xx_hal_i2c.o
 .text.I2C_MasterReceive_BTF
                0x08006e16      0x132 build/stm32f4xx_hal_i2c.o
 .text.HAL_I2C_ErrorCallback
                0x08006f48        0x2 build/stm32f4xx_hal_i2c.o
                0x08006f48                HAL_I2C_ErrorCallback
 .text.I2C_MasterReceive_RXNE
                0x08006f4a       0xf6 build/stm32f4xx_hal_i2c.o
 .text.HAL_I2C_AbortCpltCallback
                0x08007040        0x2 build/stm32f4xx_hal_i2c.o
                0x08007040                HAL_I2C_AbortCpltCallback
 *fill*         0x08007042        0x2 
 .text.I2C_DMAAbort
                0x08007044       0xe4 build/stm32f4xx_hal_i2c.o
 .text.I2C_ITError
                0x08007128      0x178 build/stm32f4xx_hal_i2c.o
 .text.I2C_Slave_STOPF
                0x080072a0      0x18c build/stm32f4xx_hal_i2c.o
 .text.HAL_I2C_EV_IRQHandler
                0x0800742c      0x1a0 build/stm32f4xx_hal_i2c.o
                0x0800742c                HAL_I2C_EV_IRQHandler
 .text.HAL_I2C_ER_IRQHandler
                0x080075cc       0xc4 build/stm32f4xx_hal_i2c.o
                0x080075cc                HAL_I2C_ER_IRQHandler
 .text.HAL_RNG_Init
                0x08007690       0x2e build/stm32f4xx_hal_rng.o
                0x08007690                HAL_RNG_Init
 .text.HAL_RTC_WaitForSynchro
                0x080076be       0x32 build/stm32f4xx_hal_rtc.o
                0x080076be                HAL_RTC_WaitForSynchro
 .text.RTC_EnterInitMode
                0x080076f0       0x46 build/stm32f4xx_hal_rtc.o
                0x080076f0                RTC_EnterInitMode
 .text.RTC_ExitInitMode
                0x08007736       0x2a build/stm32f4xx_hal_rtc.o
                0x08007736                RTC_ExitInitMode
 .text.HAL_RTC_Init
                0x08007760       0x8e build/stm32f4xx_hal_rtc.o
                0x08007760                HAL_RTC_Init
 *fill*         0x080077ee        0x2 
 .text.SPI_WaitFlagStateUntilTimeout
                0x080077f0       0xc8 build/stm32f4xx_hal_spi.o
 .text.SPI_EndRxTxTransaction
                0x080078b8       0x68 build/stm32f4xx_hal_spi.o
 .text.HAL_SPI_Init
                0x08007920       0xbe build/stm32f4xx_hal_spi.o
                0x08007920                HAL_SPI_Init
 .text.HAL_SPI_TransmitReceive
                0x080079de      0x238 build/stm32f4xx_hal_spi.o
                0x080079de                HAL_SPI_TransmitReceive
 .text.HAL_SPI_ErrorCallback
                0x08007c16        0x2 build/stm32f4xx_hal_spi.o
                0x08007c16                HAL_SPI_ErrorCallback
 .text.HAL_SPI_IRQHandler
                0x08007c18      0x124 build/stm32f4xx_hal_spi.o
                0x08007c18                HAL_SPI_IRQHandler
 .text.SPI_DMAAbortOnError
                0x08007d3c       0x10 build/stm32f4xx_hal_spi.o
 .text.TIM_OC1_SetConfig
                0x08007d4c       0x70 build/stm32f4xx_hal_tim.o
 .text.TIM_OC3_SetConfig
                0x08007dbc       0x70 build/stm32f4xx_hal_tim.o
 .text.TIM_OC4_SetConfig
                0x08007e2c       0x50 build/stm32f4xx_hal_tim.o
 .text.TIM_TI1_ConfigInputStage
                0x08007e7c       0x26 build/stm32f4xx_hal_tim.o
 .text.TIM_TI2_ConfigInputStage
                0x08007ea2       0x28 build/stm32f4xx_hal_tim.o
 .text.TIM_ITRx_SetConfig
                0x08007eca       0x10 build/stm32f4xx_hal_tim.o
 *fill*         0x08007eda        0x2 
 .text.HAL_TIM_Base_Start_IT
                0x08007edc       0x88 build/stm32f4xx_hal_tim.o
                0x08007edc                HAL_TIM_Base_Start_IT
 .text.HAL_TIM_OC_MspInit
                0x08007f64        0x2 build/stm32f4xx_hal_tim.o
                0x08007f64                HAL_TIM_OC_MspInit
 .text.HAL_TIM_PWM_MspInit
                0x08007f66        0x2 build/stm32f4xx_hal_tim.o
                0x08007f66                HAL_TIM_PWM_MspInit
 .text.HAL_TIM_OC_DelayElapsedCallback
                0x08007f68        0x2 build/stm32f4xx_hal_tim.o
                0x08007f68                HAL_TIM_OC_DelayElapsedCallback
 .text.HAL_TIM_IC_CaptureCallback
                0x08007f6a        0x2 build/stm32f4xx_hal_tim.o
                0x08007f6a                HAL_TIM_IC_CaptureCallback
 .text.HAL_TIM_TriggerCallback
                0x08007f6c        0x2 build/stm32f4xx_hal_tim.o
                0x08007f6c                HAL_TIM_TriggerCallback
 .text.HAL_TIM_IRQHandler
                0x08007f6e      0x17a build/stm32f4xx_hal_tim.o
                0x08007f6e                HAL_TIM_IRQHandler
 .text.TIM_Base_SetConfig
                0x080080e8       0xc8 build/stm32f4xx_hal_tim.o
                0x080080e8                TIM_Base_SetConfig
 .text.HAL_TIM_Base_Init
                0x080081b0       0x58 build/stm32f4xx_hal_tim.o
                0x080081b0                HAL_TIM_Base_Init
 .text.HAL_TIM_OC_Init
                0x08008208       0x58 build/stm32f4xx_hal_tim.o
                0x08008208                HAL_TIM_OC_Init
 .text.HAL_TIM_PWM_Init
                0x08008260       0x58 build/stm32f4xx_hal_tim.o
                0x08008260                HAL_TIM_PWM_Init
 .text.TIM_OC2_SetConfig
                0x080082b8       0x70 build/stm32f4xx_hal_tim.o
                0x080082b8                TIM_OC2_SetConfig
 .text.HAL_TIM_OC_ConfigChannel
                0x08008328       0x5e build/stm32f4xx_hal_tim.o
                0x08008328                HAL_TIM_OC_ConfigChannel
 .text.HAL_TIM_PWM_ConfigChannel
                0x08008386       0xdc build/stm32f4xx_hal_tim.o
                0x08008386                HAL_TIM_PWM_ConfigChannel
 .text.TIM_ETR_SetConfig
                0x08008462       0x1a build/stm32f4xx_hal_tim.o
                0x08008462                TIM_ETR_SetConfig
 .text.HAL_TIM_ConfigClockSource
                0x0800847c       0xfe build/stm32f4xx_hal_tim.o
                0x0800847c                HAL_TIM_ConfigClockSource
 .text.TIM_CCxChannelCmd
                0x0800857a       0x1e build/stm32f4xx_hal_tim.o
                0x0800857a                TIM_CCxChannelCmd
 .text.HAL_TIM_PWM_Start
                0x08008598      0x104 build/stm32f4xx_hal_tim.o
                0x08008598                HAL_TIM_PWM_Start
 .text.HAL_TIMEx_MasterConfigSynchronization
                0x0800869c       0x8c build/stm32f4xx_hal_tim_ex.o
                0x0800869c                HAL_TIMEx_MasterConfigSynchronization
 .text.HAL_TIMEx_ConfigBreakDeadTime
                0x08008728       0x52 build/stm32f4xx_hal_tim_ex.o
                0x08008728                HAL_TIMEx_ConfigBreakDeadTime
 .text.HAL_TIMEx_CommutCallback
                0x0800877a        0x2 build/stm32f4xx_hal_tim_ex.o
                0x0800877a                HAL_TIMEx_CommutCallback
 .text.HAL_TIMEx_BreakCallback
                0x0800877c        0x2 build/stm32f4xx_hal_tim_ex.o
                0x0800877c                HAL_TIMEx_BreakCallback
 .text.UART_EndTxTransfer
                0x0800877e       0x20 build/stm32f4xx_hal_uart.o
 .text.UART_EndRxTransfer
                0x0800879e       0x5c build/stm32f4xx_hal_uart.o
 .text.UART_Transmit_IT
                0x080087fa       0x60 build/stm32f4xx_hal_uart.o
 *fill*         0x0800885a        0x2 
 .text.UART_SetConfig
                0x0800885c      0x110 build/stm32f4xx_hal_uart.o
 .text.UART_WaitOnFlagUntilTimeout
                0x0800896c       0x84 build/stm32f4xx_hal_uart.o
 .text.HAL_UART_Init
                0x080089f0       0x5e build/stm32f4xx_hal_uart.o
                0x080089f0                HAL_UART_Init
 .text.HAL_UART_Transmit
                0x08008a4e       0xd8 build/stm32f4xx_hal_uart.o
                0x08008a4e                HAL_UART_Transmit
 .text.HAL_UART_Transmit_IT
                0x08008b26       0x4e build/stm32f4xx_hal_uart.o
                0x08008b26                HAL_UART_Transmit_IT
 .text.HAL_UART_Transmit_DMA
                0x08008b74       0x9c build/stm32f4xx_hal_uart.o
                0x08008b74                HAL_UART_Transmit_DMA
 .text.HAL_UART_TxCpltCallback
                0x08008c10        0x2 build/stm32f4xx_hal_uart.o
                0x08008c10                HAL_UART_TxCpltCallback
 .text.UART_DMATransmitCplt
                0x08008c12       0x4c build/stm32f4xx_hal_uart.o
 .text.UART_EndTransmit_IT
                0x08008c5e       0x1a build/stm32f4xx_hal_uart.o
 .text.HAL_UART_TxHalfCpltCallback
                0x08008c78        0x2 build/stm32f4xx_hal_uart.o
                0x08008c78                HAL_UART_TxHalfCpltCallback
 .text.UART_DMATxHalfCplt
                0x08008c7a        0xa build/stm32f4xx_hal_uart.o
 .text.HAL_UART_RxCpltCallback
                0x08008c84        0x2 build/stm32f4xx_hal_uart.o
                0x08008c84                HAL_UART_RxCpltCallback
 .text.HAL_UART_RxHalfCpltCallback
                0x08008c86        0x2 build/stm32f4xx_hal_uart.o
                0x08008c86                HAL_UART_RxHalfCpltCallback
 .text.UART_DMAError
                0x08008c88       0x58 build/stm32f4xx_hal_uart.o
 .text.UART_DMAAbortOnError
                0x08008ce0       0x10 build/stm32f4xx_hal_uart.o
 .text.UART_Receive_IT
                0x08008cf0       0xe2 build/stm32f4xx_hal_uart.o
 *fill*         0x08008dd2        0x2 
 .text.HAL_UART_IRQHandler
                0x08008dd4      0x27c build/stm32f4xx_hal_uart.o
                0x08008dd4                HAL_UART_IRQHandler
 .text.UART_DMARxHalfCplt
                0x08009050       0x1a build/stm32f4xx_hal_uart.o
 .text.UART_DMAReceiveCplt
                0x0800906a       0x96 build/stm32f4xx_hal_uart.o
 .text.UART_Start_Receive_DMA
                0x08009100       0xa8 build/stm32f4xx_hal_uart.o
                0x08009100                UART_Start_Receive_DMA
 .text.HAL_UARTEx_ReceiveToIdle_DMA
                0x080091a8       0x70 build/stm32f4xx_hal_uart.o
                0x080091a8                HAL_UARTEx_ReceiveToIdle_DMA
 .text.SystemInit
                0x08009218       0x14 build/system_stm32f4xx.o
                0x08009218                SystemInit
 .text.vListInitialise
                0x0800922c       0x16 build/list.o
                0x0800922c                vListInitialise
 .text.vListInitialiseItem
                0x08009242        0x6 build/list.o
                0x08009242                vListInitialiseItem
 .text.vListInsertEnd
                0x08009248       0x16 build/list.o
                0x08009248                vListInsertEnd
 .text.vListInsert
                0x0800925e       0x32 build/list.o
                0x0800925e                vListInsert
 .text.uxListRemove
                0x08009290       0x26 build/list.o
                0x08009290                uxListRemove
 *fill*         0x080092b6        0x2 
 .text.prvResetNextTaskUnblockTime
                0x080092b8       0x2c build/tasks.o
 .text.prvInitialiseNewTask
                0x080092e4       0x9c build/tasks.o
 .text.prvInitialiseTaskLists
                0x08009380       0x68 build/tasks.o
 .text.prvAddNewTaskToReadyList
                0x080093e8       0xa8 build/tasks.o
 .text.prvDeleteTCB
                0x08009490       0x38 build/tasks.o
 .text.prvCheckTasksWaitingTermination
                0x080094c8       0x4c build/tasks.o
 .text.prvIdleTask
                0x08009514       0x28 build/tasks.o
 .text.prvAddCurrentTaskToDelayedList
                0x0800953c       0x98 build/tasks.o
 .text.xTaskCreateStatic
                0x080095d4       0x76 build/tasks.o
                0x080095d4                xTaskCreateStatic
 .text.xTaskCreate
                0x0800964a       0x64 build/tasks.o
                0x0800964a                xTaskCreate
 *fill*         0x080096ae        0x2 
 .text.vTaskDelete
                0x080096b0       0xe0 build/tasks.o
                0x080096b0                vTaskDelete
 .text.vTaskStartScheduler
                0x08009790       0x74 build/tasks.o
                0x08009790                vTaskStartScheduler
 .text.vTaskSuspendAll
                0x08009804       0x10 build/tasks.o
                0x08009804                vTaskSuspendAll
 .text.xTaskIncrementTick
                0x08009814      0x118 build/tasks.o
                0x08009814                xTaskIncrementTick
 .text.xTaskResumeAll
                0x0800992c       0xf8 build/tasks.o
                0x0800992c                xTaskResumeAll
 .text.vTaskDelay
                0x08009a24       0x4c build/tasks.o
                0x08009a24                vTaskDelay
 .text.vTaskSwitchContext
                0x08009a70       0x98 build/tasks.o
                0x08009a70                vTaskSwitchContext
 .text.makeFreeRtosPriority
                0x08009b08        0xc build/cmsis_os.o
 .text.osKernelStart
                0x08009b14        0xa build/cmsis_os.o
                0x08009b14                osKernelStart
 .text.osThreadCreate
                0x08009b1e       0x66 build/cmsis_os.o
                0x08009b1e                osThreadCreate
 .text.osThreadTerminate
                0x08009b84        0xa build/cmsis_os.o
                0x08009b84                osThreadTerminate
 .text.osDelay  0x08009b8e        0xe build/cmsis_os.o
                0x08009b8e                osDelay
 .text.prvHeapInit
                0x08009b9c       0x68 build/heap_4.o
 .text.prvInsertBlockIntoFreeList
                0x08009c04       0x64 build/heap_4.o
 .text.pvPortMalloc
                0x08009c68      0x104 build/heap_4.o
                0x08009c68                pvPortMalloc
 .text.vPortFree
                0x08009d6c       0x7c build/heap_4.o
                0x08009d6c                vPortFree
 .text.prvTaskExitError
                0x08009de8       0x40 build/port.o
 .text.prvPortStartFirstTask
                0x08009e28       0x28 build/port.o
 .text.vPortEnableVFP
                0x08009e50       0x14 build/port.o
 .text.pxPortInitialiseStack
                0x08009e64       0x2c build/port.o
                0x08009e64                pxPortInitialiseStack
 .text.SVC_Handler
                0x08009e90       0x24 build/port.o
                0x08009e90                SVC_Handler
 .text.vPortEnterCritical
                0x08009eb4       0x44 build/port.o
                0x08009eb4                vPortEnterCritical
 .text.vPortExitCritical
                0x08009ef8       0x2c build/port.o
                0x08009ef8                vPortExitCritical
 *fill*         0x08009f24        0xc 
 .text.PendSV_Handler
                0x08009f30       0x64 build/port.o
                0x08009f30                PendSV_Handler
 .text.SysTick_Handler
                0x08009f94       0x2c build/port.o
                0x08009f94                SysTick_Handler
 .text.vPortSetupTimerInterrupt
                0x08009fc0       0x28 build/port.o
                0x08009fc0                vPortSetupTimerInterrupt
 .text.xPortStartScheduler
                0x08009fe8      0x118 build/port.o
                0x08009fe8                xPortStartScheduler
 .text.USBD_Init
                0x0800a100       0x2e build/usbd_core.o
                0x0800a100                USBD_Init
 .text.USBD_RegisterClass
                0x0800a12e       0x40 build/usbd_core.o
                0x0800a12e                USBD_RegisterClass
 .text.USBD_Start
                0x0800a16e        0x8 build/usbd_core.o
                0x0800a16e                USBD_Start
 .text.USBD_SetClassConfig
                0x0800a176       0x12 build/usbd_core.o
                0x0800a176                USBD_SetClassConfig
 .text.USBD_ClrClassConfig
                0x0800a188       0x12 build/usbd_core.o
                0x0800a188                USBD_ClrClassConfig
 .text.USBD_LL_SetupStage
                0x0800a19a       0x58 build/usbd_core.o
                0x0800a19a                USBD_LL_SetupStage
 .text.USBD_LL_Reset
                0x0800a1f2       0x64 build/usbd_core.o
                0x0800a1f2                USBD_LL_Reset
 .text.USBD_LL_SetSpeed
                0x0800a256        0x6 build/usbd_core.o
                0x0800a256                USBD_LL_SetSpeed
 .text.USBD_LL_Suspend
                0x0800a25c       0x14 build/usbd_core.o
                0x0800a25c                USBD_LL_Suspend
 .text.USBD_LL_Resume
                0x0800a270       0x1a build/usbd_core.o
                0x0800a270                USBD_LL_Resume
 .text.USBD_LL_SOF
                0x0800a28a       0x22 build/usbd_core.o
                0x0800a28a                USBD_LL_SOF
 .text.USBD_LL_IsoINIncomplete
                0x0800a2ac       0x2e build/usbd_core.o
                0x0800a2ac                USBD_LL_IsoINIncomplete
 .text.USBD_LL_IsoOUTIncomplete
                0x0800a2da       0x2e build/usbd_core.o
                0x0800a2da                USBD_LL_IsoOUTIncomplete
 .text.USBD_LL_DevConnected
                0x0800a308        0x4 build/usbd_core.o
                0x0800a308                USBD_LL_DevConnected
 .text.USBD_LL_DevDisconnected
                0x0800a30c       0x20 build/usbd_core.o
                0x0800a30c                USBD_LL_DevDisconnected
 .text.USBD_CoreFindIF
                0x0800a32c        0x4 build/usbd_core.o
                0x0800a32c                USBD_CoreFindIF
 .text.USBD_CoreFindEP
                0x0800a330        0x4 build/usbd_core.o
                0x0800a330                USBD_CoreFindEP
 .text.USBD_LL_DataOutStage
                0x0800a334       0xc4 build/usbd_core.o
                0x0800a334                USBD_LL_DataOutStage
 .text.USBD_LL_DataInStage
                0x0800a3f8       0xd6 build/usbd_core.o
                0x0800a3f8                USBD_LL_DataInStage
 .text.USBD_GetNextDesc
                0x0800a4ce        0xe build/usbd_core.o
                0x0800a4ce                USBD_GetNextDesc
 .text.USBD_GetEpDesc
                0x0800a4dc       0x3e build/usbd_core.o
                0x0800a4dc                USBD_GetEpDesc
 .text.USBD_GetLen
                0x0800a51a       0x14 build/usbd_ctlreq.o
 .text.USBD_ParseSetupRequest
                0x0800a52e       0x28 build/usbd_ctlreq.o
                0x0800a52e                USBD_ParseSetupRequest
 .text.USBD_CtlError
                0x0800a556       0x14 build/usbd_ctlreq.o
                0x0800a556                USBD_CtlError
 .text.USBD_GetDescriptor
                0x0800a56a      0x18a build/usbd_ctlreq.o
 .text.USBD_SetAddress
                0x0800a6f4       0x50 build/usbd_ctlreq.o
 .text.USBD_SetConfig
                0x0800a744       0xcc build/usbd_ctlreq.o
 .text.USBD_GetConfig
                0x0800a810       0x40 build/usbd_ctlreq.o
 .text.USBD_GetStatus
                0x0800a850       0x38 build/usbd_ctlreq.o
 .text.USBD_SetFeature
                0x0800a888       0x2a build/usbd_ctlreq.o
 .text.USBD_ClrFeature
                0x0800a8b2       0x26 build/usbd_ctlreq.o
 .text.USBD_StdDevReq
                0x0800a8d8       0x76 build/usbd_ctlreq.o
                0x0800a8d8                USBD_StdDevReq
 .text.USBD_StdItfReq
                0x0800a94e       0x84 build/usbd_ctlreq.o
                0x0800a94e                USBD_StdItfReq
 .text.USBD_StdEPReq
                0x0800a9d2      0x230 build/usbd_ctlreq.o
                0x0800a9d2                USBD_StdEPReq
 .text.USBD_GetString
                0x0800ac02       0x3a build/usbd_ctlreq.o
                0x0800ac02                USBD_GetString
 .text.USBD_CtlSendData
                0x0800ac3c       0x1a build/usbd_ioreq.o
                0x0800ac3c                USBD_CtlSendData
 .text.USBD_CtlContinueSendData
                0x0800ac56       0x10 build/usbd_ioreq.o
                0x0800ac56                USBD_CtlContinueSendData
 .text.USBD_CtlPrepareRx
                0x0800ac66       0x1e build/usbd_ioreq.o
                0x0800ac66                USBD_CtlPrepareRx
 .text.USBD_CtlContinueRx
                0x0800ac84       0x10 build/usbd_ioreq.o
                0x0800ac84                USBD_CtlContinueRx
 .text.USBD_CtlSendStatus
                0x0800ac94       0x16 build/usbd_ioreq.o
                0x0800ac94                USBD_CtlSendStatus
 .text.USBD_CtlReceiveStatus
                0x0800acaa       0x16 build/usbd_ioreq.o
                0x0800acaa                USBD_CtlReceiveStatus
 .text.USBD_CDC_EP0_RxReady
                0x0800acc0       0x40 build/usbd_cdc.o
 .text.USBD_CDC_GetDeviceQualifierDescriptor
                0x0800ad00        0xc build/usbd_cdc.o
                0x0800ad00                USBD_CDC_GetDeviceQualifierDescriptor
 .text.USBD_CDC_GetOtherSpeedCfgDesc
                0x0800ad0c       0x48 build/usbd_cdc.o
 .text.USBD_CDC_GetFSCfgDesc
                0x0800ad54       0x48 build/usbd_cdc.o
 .text.USBD_CDC_GetHSCfgDesc
                0x0800ad9c       0x48 build/usbd_cdc.o
 .text.USBD_CDC_DataOut
                0x0800ade4       0x38 build/usbd_cdc.o
 .text.USBD_CDC_DataIn
                0x0800ae1c       0x7c build/usbd_cdc.o
 .text.USBD_CDC_Setup
                0x0800ae98      0x11a build/usbd_cdc.o
 .text.USBD_CDC_DeInit
                0x0800afb2       0x64 build/usbd_cdc.o
 .text.USBD_CDC_Init
                0x0800b016       0xee build/usbd_cdc.o
 .text.USBD_CDC_RegisterInterface
                0x0800b104       0x16 build/usbd_cdc.o
                0x0800b104                USBD_CDC_RegisterInterface
 .text.USBD_CDC_SetTxBuffer
                0x0800b11a       0x1c build/usbd_cdc.o
                0x0800b11a                USBD_CDC_SetTxBuffer
 .text.USBD_CDC_SetRxBuffer
                0x0800b136       0x18 build/usbd_cdc.o
                0x0800b136                USBD_CDC_SetRxBuffer
 .text.USBD_CDC_TransmitPacket
                0x0800b14e       0x36 build/usbd_cdc.o
                0x0800b14e                USBD_CDC_TransmitPacket
 .text.USBD_CDC_ReceivePacket
                0x0800b184       0x38 build/usbd_cdc.o
                0x0800b184                USBD_CDC_ReceivePacket
 .text._DoInit  0x0800b1bc       0x6c build/SEGGER_RTT.o
 .text.SEGGER_RTT_Init
                0x0800b228        0x8 build/SEGGER_RTT.o
                0x0800b228                SEGGER_RTT_Init
 .text.DWT_CNT_Update
                0x0800b230       0x4c build/bsp_dwt.o
 .text.DWT_Init
                0x0800b27c       0x70 build/bsp_dwt.o
                0x0800b27c                DWT_Init
 .text.DWT_GetDeltaT
                0x0800b2ec       0x48 build/bsp_dwt.o
                0x0800b2ec                DWT_GetDeltaT
 .text.DWT_SysTimeUpdate
                0x0800b334       0xd4 build/bsp_dwt.o
                0x0800b334                DWT_SysTimeUpdate
 .text.DWT_GetTimeline_s
                0x0800b408       0x4c build/bsp_dwt.o
                0x0800b408                DWT_GetTimeline_s
 .text.DWT_GetTimeline_ms
                0x0800b454       0x3c build/bsp_dwt.o
                0x0800b454                DWT_GetTimeline_ms
 .text.DWT_Delay
                0x0800b490       0x34 build/bsp_dwt.o
                0x0800b490                DWT_Delay
 .text.PWMSelectTclk
                0x0800b4c4       0x74 build/bsp_pwm.o
 .text.HAL_TIM_PWM_PulseFinishedCallback
                0x0800b538       0x44 build/bsp_pwm.o
                0x0800b538                HAL_TIM_PWM_PulseFinishedCallback
 .text.PWMSetPeriod
                0x0800b57c       0x44 build/bsp_pwm.o
                0x0800b57c                PWMSetPeriod
 .text.PWMSetDutyRatio
                0x0800b5c0       0x74 build/bsp_pwm.o
                0x0800b5c0                PWMSetDutyRatio
 .text.PWMRegister
                0x0800b634       0x7c build/bsp_pwm.o
                0x0800b634                PWMRegister
 .text.HAL_GPIO_EXTI_Callback
                0x0800b6b0       0x30 build/bsp_gpio.o
                0x0800b6b0                HAL_GPIO_EXTI_Callback
 .text.HAL_I2C_MasterRxCpltCallback
                0x0800b6e0       0x54 build/bsp_iic.o
                0x0800b6e0                HAL_I2C_MasterRxCpltCallback
 .text.HAL_I2C_MemRxCpltCallback
                0x0800b734        0x8 build/bsp_iic.o
                0x0800b734                HAL_I2C_MemRxCpltCallback
 .text.CANServiceInit
                0x0800b73c       0x3c build/bsp_can.o
 .text.CANAddFilter
                0x0800b778       0x60 build/bsp_can.o
 .text.CANFIFOxCallback
                0x0800b7d8       0x78 build/bsp_can.o
 .text.CANRegister
                0x0800b850       0x98 build/bsp_can.o
                0x0800b850                CANRegister
 .text.CANTransmit
                0x0800b8e8       0x78 build/bsp_can.o
                0x0800b8e8                CANTransmit
 .text.HAL_CAN_RxFifo0MsgPendingCallback
                0x0800b960        0xa build/bsp_can.o
                0x0800b960                HAL_CAN_RxFifo0MsgPendingCallback
 .text.HAL_CAN_RxFifo1MsgPendingCallback
                0x0800b96a        0xa build/bsp_can.o
                0x0800b96a                HAL_CAN_RxFifo1MsgPendingCallback
 .text.USARTServiceInit
                0x0800b974       0x24 build/bsp_usart.o
                0x0800b974                USARTServiceInit
 .text.USARTRegister
                0x0800b998       0x70 build/bsp_usart.o
                0x0800b998                USARTRegister
 .text.USARTSend
                0x0800ba08       0x30 build/bsp_usart.o
                0x0800ba08                USARTSend
 .text.HAL_UARTEx_RxEventCallback
                0x0800ba38       0x6c build/bsp_usart.o
                0x0800ba38                HAL_UARTEx_RxEventCallback
 .text.HAL_UART_ErrorCallback
                0x0800baa4       0x4c build/bsp_usart.o
                0x0800baa4                HAL_UART_ErrorCallback
 .text.USBInit  0x0800baf0       0x1c build/bsp_usb.o
                0x0800baf0                USBInit
 .text.USBTransmit
                0x0800bb0c        0x8 build/bsp_usb.o
                0x0800bb0c                USBTransmit
 .text.BSPLogInit
                0x0800bb14        0x8 build/bsp_log.o
                0x0800bb14                BSPLogInit
 .text.f_Trapezoid_Intergral
                0x0800bb1c       0x2a build/controller.o
 .text.f_Changing_Integration_Rate
                0x0800bb46       0x66 build/controller.o
 .text.f_Integral_Limit
                0x0800bbac       0x94 build/controller.o
 .text.f_Derivative_On_Measurement
                0x0800bc40       0x22 build/controller.o
 .text.f_Derivative_Filter
                0x0800bc62       0x2e build/controller.o
 .text.f_Output_Filter
                0x0800bc90       0x2e build/controller.o
 .text.f_Output_Limit
                0x0800bcbe       0x2e build/controller.o
 .text.f_PID_ErrorHandle
                0x0800bcec       0x90 build/controller.o
 .text.PIDInit  0x0800bd7c       0x4a build/controller.o
                0x0800bd7c                PIDInit
 .text.PIDCalculate
                0x0800bdc6      0x140 build/controller.o
                0x0800bdc6                PIDCalculate
 *fill*         0x0800bf06        0x2 
 .text.H_K_R_Adjustment
                0x0800bf08      0x114 build/kalman_filter.o
 .text.Kalman_Filter_Init
                0x0800c01c      0x42c build/kalman_filter.o
                0x0800c01c                Kalman_Filter_Init
 .text.Kalman_Filter_Measure
                0x0800c448       0x4c build/kalman_filter.o
                0x0800c448                Kalman_Filter_Measure
 .text.Kalman_Filter_xhatMinusUpdate
                0x0800c494       0x76 build/kalman_filter.o
                0x0800c494                Kalman_Filter_xhatMinusUpdate
 .text.Kalman_Filter_PminusUpdate
                0x0800c50a       0x68 build/kalman_filter.o
                0x0800c50a                Kalman_Filter_PminusUpdate
 .text.Kalman_Filter_SetK
                0x0800c572       0xcc build/kalman_filter.o
                0x0800c572                Kalman_Filter_SetK
 .text.Kalman_Filter_xhatUpdate
                0x0800c63e       0x82 build/kalman_filter.o
                0x0800c63e                Kalman_Filter_xhatUpdate
 .text.Kalman_Filter_P_Update
                0x0800c6c0       0x64 build/kalman_filter.o
                0x0800c6c0                Kalman_Filter_P_Update
 .text.Kalman_Filter_Update
                0x0800c724       0xf8 build/kalman_filter.o
                0x0800c724                Kalman_Filter_Update
 .text.invSqrt  0x0800c81c       0x30 build/QuaternionEKF.o
 .text.IMU_QuaternionEKF_F_Linearization_P_Fading
                0x0800c84c      0x1a0 build/QuaternionEKF.o
 .text.IMU_QuaternionEKF_Observe
                0x0800c9ec       0x38 build/QuaternionEKF.o
 .text.IMU_QuaternionEKF_xhatUpdate
                0x0800ca24      0x444 build/QuaternionEKF.o
 .text.IMU_QuaternionEKF_SetH
                0x0800ce68       0xe4 build/QuaternionEKF.o
 .text.IMU_QuaternionEKF_Init
                0x0800cf4c       0xe4 build/QuaternionEKF.o
                0x0800cf4c                IMU_QuaternionEKF_Init
 .text.IMU_QuaternionEKF_Update
                0x0800d030      0x420 build/QuaternionEKF.o
                0x0800d030                IMU_QuaternionEKF_Update
 .text.crc_8    0x0800d450       0x28 build/crc8.o
                0x0800d450                crc_8
 .text.init_crc16_tab
                0x0800d478       0x54 build/crc16.o
                0x0800d478                init_crc16_tab
 .text.crc_16   0x0800d4cc       0x50 build/crc16.o
                0x0800d4cc                crc_16
 .text.Sqrt     0x0800d51c       0x5c build/user_lib.o
                0x0800d51c                Sqrt
 .text.float_constrain
                0x0800d578       0x20 build/user_lib.o
                0x0800d578                float_constrain
 .text.float_rounding
                0x0800d598       0x40 build/user_lib.o
                0x0800d598                float_rounding
 .text.Norm3d   0x0800d5d8       0x4c build/user_lib.o
                0x0800d5d8                Norm3d
 .text.Cross3d  0x0800d624       0x62 build/user_lib.o
                0x0800d624                Cross3d
 .text.Dot3d    0x0800d686       0x2e build/user_lib.o
                0x0800d686                Dot3d
 .text.BMI088_read_muli_reg
                0x0800d6b4       0x24 build/BMI088driver.o
 .text.BMI088_write_single_reg
                0x0800d6d8       0x10 build/BMI088driver.o
 .text.BMI088_read_single_reg
                0x0800d6e8       0x16 build/BMI088driver.o
 *fill*         0x0800d6fe        0x2 
 .text.Calibrate_MPU_Offset
                0x0800d700      0x48c build/BMI088driver.o
 .text.bmi088_accel_init
                0x0800db8c      0x168 build/BMI088driver.o
                0x0800db8c                bmi088_accel_init
 .text.bmi088_gyro_init
                0x0800dcf4      0x13c build/BMI088driver.o
                0x0800dcf4                bmi088_gyro_init
 .text.BMI088Init
                0x0800de30       0x6c build/BMI088driver.o
                0x0800de30                BMI088Init
 .text.BMI088_Read
                0x0800de9c      0x1f0 build/BMI088driver.o
                0x0800de9c                BMI088_Read
 .text.BMI088_ACCEL_NS_L
                0x0800e08c       0x14 build/BMI088Middleware.o
                0x0800e08c                BMI088_ACCEL_NS_L
 .text.BMI088_ACCEL_NS_H
                0x0800e0a0       0x14 build/BMI088Middleware.o
                0x0800e0a0                BMI088_ACCEL_NS_H
 .text.BMI088_GYRO_NS_L
                0x0800e0b4       0x14 build/BMI088Middleware.o
                0x0800e0b4                BMI088_GYRO_NS_L
 .text.BMI088_GYRO_NS_H
                0x0800e0c8       0x14 build/BMI088Middleware.o
                0x0800e0c8                BMI088_GYRO_NS_H
 .text.BMI088_read_write_byte
                0x0800e0dc       0x30 build/BMI088Middleware.o
                0x0800e0dc                BMI088_read_write_byte
 .text.IMUPWMSet
                0x0800e10c        0xc build/ins_task.o
 .text.InitQuaternion
                0x0800e118      0x108 build/ins_task.o
 .text.IMU_Param_Correction
                0x0800e220      0x2c8 build/ins_task.o
 .text.IMU_Temperature_Ctrl
                0x0800e4e8       0x54 build/ins_task.o
 .text.INS_Init
                0x0800e53c       0xf8 build/ins_task.o
                0x0800e53c                INS_Init
 .text.BodyFrameToEarthFrame
                0x0800e634      0x126 build/ins_task.o
                0x0800e634                BodyFrameToEarthFrame
 .text.EarthFrameToBodyFrame
                0x0800e75a      0x126 build/ins_task.o
                0x0800e75a                EarthFrameToBodyFrame
 .text.INS_Task
                0x0800e880      0x18c build/ins_task.o
                0x0800e880                INS_Task
 .text.VisionOfflineCallback
                0x0800ea0c        0x2 build/master_process.o
 *fill*         0x0800ea0e        0x2 
 .text.DecodeVision
                0x0800ea10       0x20 build/master_process.o
 .text.VisionSetAltitude
                0x0800ea30       0x20 build/master_process.o
                0x0800ea30                VisionSetAltitude
 .text.VisionInit
                0x0800ea50       0x50 build/master_process.o
                0x0800ea50                VisionInit
 .text.VisionSend
                0x0800eaa0       0x3c build/master_process.o
                0x0800eaa0                VisionSend
 .text.CRC8_Check_Sum
                0x0800eadc       0x2c build/seasky_protocol.o
 .text.protocol_heade_Check
                0x0800eb08       0x3a build/seasky_protocol.o
 .text.CRC16_Check_Sum
                0x0800eb42       0x44 build/seasky_protocol.o
 *fill*         0x0800eb86        0x2 
 .text.get_protocol_send_data
                0x0800eb88       0xa4 build/seasky_protocol.o
                0x0800eb88                get_protocol_send_data
 .text.get_protocol_info
                0x0800ec2c       0x54 build/seasky_protocol.o
                0x0800ec2c                get_protocol_info
 .text.MotorSenderGrouping
                0x0800ec80      0x118 build/dji_motor.o
 .text.DJIMotorLostCallback
                0x0800ed98        0x2 build/dji_motor.o
 *fill*         0x0800ed9a        0x2 
 .text.DecodeDJIMotor
                0x0800ed9c      0x108 build/dji_motor.o
 .text.DJIMotorChangeFeed
                0x0800eea4       0x12 build/dji_motor.o
                0x0800eea4                DJIMotorChangeFeed
 .text.DJIMotorStop
                0x0800eeb6        0x8 build/dji_motor.o
                0x0800eeb6                DJIMotorStop
 .text.DJIMotorEnable
                0x0800eebe        0x8 build/dji_motor.o
                0x0800eebe                DJIMotorEnable
 *fill*         0x0800eec6        0x2 
 .text.DJIMotorInit
                0x0800eec8       0xd0 build/dji_motor.o
                0x0800eec8                DJIMotorInit
 .text.DJIMotorSetRef
                0x0800ef98        0x6 build/dji_motor.o
                0x0800ef98                DJIMotorSetRef
 *fill*         0x0800ef9e        0x2 
 .text.DJIMotorControl
                0x0800efa0      0x158 build/dji_motor.o
                0x0800efa0                DJIMotorControl
 .text.LKMotorControl
                0x0800f0f8      0x140 build/LK9025.o
                0x0800f0f8                LKMotorControl
 .text.constrain_float
                0x0800f238       0x22 build/dmmotor.o
 .text.float_to_int
                0x0800f25a       0x28 build/dmmotor.o
 .text.int_to_float
                0x0800f282       0x28 build/dmmotor.o
 .text.int_to_string
                0x0800f2aa       0x64 build/dmmotor.o
 .text.DMMotorLostCallback
                0x0800f30e        0x8 build/dmmotor.o
 *fill*         0x0800f316        0x2 
 .text.MIT_ControlMotor
                0x0800f318      0x144 build/dmmotor.o
 .text.PosSpeed_ControlMotor
                0x0800f45c       0x5c build/dmmotor.o
 .text.Speed_ControlMotor
                0x0800f4b8       0x4e build/dmmotor.o
 .text.Current_ControlMotor
                0x0800f506       0x4e build/dmmotor.o
 .text.Data_Process
                0x0800f554      0x100 build/dmmotor.o
                0x0800f554                Data_Process
 .text.CAN_Rx_Callback
                0x0800f654       0x20 build/dmmotor.o
                0x0800f654                CAN_Rx_Callback
 .text.DMMotorControlInit
                0x0800f674       0x7c build/dmmotor.o
                0x0800f674                DMMotorControlInit
 .text.DMMotorSetPosition
                0x0800f6f0        0x8 build/dmmotor.o
                0x0800f6f0                DMMotorSetPosition
 .text.DMMotorSetCurrent
                0x0800f6f8        0x8 build/dmmotor.o
                0x0800f6f8                DMMotorSetCurrent
 .text.DMMotorEnable
                0x0800f700       0x2c build/dmmotor.o
                0x0800f700                DMMotorEnable
 .text.DMMotorInit
                0x0800f72c      0x168 build/dmmotor.o
                0x0800f72c                DMMotorInit
 .text.DMMotorClearError
                0x0800f894       0x28 build/dmmotor.o
                0x0800f894                DMMotorClearError
 .text.DMMotorControlTask
                0x0800f8bc       0xda build/dmmotor.o
                0x0800f8bc                DMMotorControlTask
 .text.MotorControlTask
                0x0800f996       0x10 build/motor_task.o
                0x0800f996                MotorControlTask
 *fill*         0x0800f9a6        0x2 
 .text.MotorSenderGrouping
                0x0800f9a8      0x118 build/power_control.o
 .text.DJIMotorLostCallback
                0x0800fac0        0x2 build/power_control.o
 *fill*         0x0800fac2        0x2 
 .text.DecodeDJIMotor
                0x0800fac4      0x108 build/power_control.o
 .text.SetPowerLimit
                0x0800fbcc        0xc build/power_control.o
                0x0800fbcc                SetPowerLimit
 .text.PowerControlInit
                0x0800fbd8       0xd0 build/power_control.o
                0x0800fbd8                PowerControlInit
 .text.PowerControl
                0x0800fca8      0x3e4 build/power_control.o
                0x0800fca8                PowerControl
 .text.Get_CRC8_Check_Sum
                0x0801008c       0x24 build/crc_ref.o
                0x0801008c                Get_CRC8_Check_Sum
 .text.Verify_CRC8_Check_Sum
                0x080100b0       0x2e build/crc_ref.o
                0x080100b0                Verify_CRC8_Check_Sum
 *fill*         0x080100de        0x2 
 .text.Get_CRC16_Check_Sum
                0x080100e0       0x38 build/crc_ref.o
                0x080100e0                Get_CRC16_Check_Sum
 .text.Verify_CRC16_Check_Sum
                0x08010118       0x48 build/crc_ref.o
                0x08010118                Verify_CRC16_Check_Sum
 .text.Append_CRC16_Check_Sum
                0x08010160       0x2c build/crc_ref.o
                0x08010160                Append_CRC16_Check_Sum
 .text.RefereeLostCallback
                0x0801018c       0x10 build/rm_referee.o
 .text.JudgeReadData
                0x0801019c      0x1f0 build/rm_referee.o
 .text.RefereeRxCallback
                0x0801038c       0x1c build/rm_referee.o
 .text.RefereeInit
                0x080103a8       0x54 build/rm_referee.o
                0x080103a8                RefereeInit
 .text.RefereeSend
                0x080103fc       0x1c build/rm_referee.o
                0x080103fc                RefereeSend
 .text.UIDelete
                0x08010418       0x7c build/referee_UI.o
                0x08010418                UIDelete
 .text.UILineDraw
                0x08010494      0x110 build/referee_UI.o
                0x08010494                UILineDraw
 .text.UIRectangleDraw
                0x080105a4      0x114 build/referee_UI.o
                0x080105a4                UIRectangleDraw
 .text.UIFloatDraw
                0x080106b8      0x134 build/referee_UI.o
                0x080106b8                UIFloatDraw
 .text.UICharDraw
                0x080107ec      0x124 build/referee_UI.o
                0x080107ec                UICharDraw
 .text.UIGraphRefresh
                0x08010910      0x120 build/referee_UI.o
                0x08010910                UIGraphRefresh
 .text.UICharRefresh
                0x08010a30       0xa4 build/referee_UI.o
                0x08010a30                UICharRefresh
 .text.DeterminRobotID
                0x08010ad4       0x2c build/referee_task.o
 .text.RobotModeTest
                0x08010b00       0xa8 build/referee_task.o
 .text.UIChangeCheck
                0x08010ba8       0x82 build/referee_task.o
 *fill*         0x08010c2a        0x2 
 .text.MyUIRefresh
                0x08010c2c      0x4a8 build/referee_task.o
 .text.UITaskInit
                0x080110d4       0x20 build/referee_task.o
                0x080110d4                UITaskInit
 .text.UITask   0x080110f4       0x20 build/referee_task.o
                0x080110f4                UITask
 .text.MyUIInit
                0x08011114      0x730 build/referee_task.o
                0x08011114                MyUIInit
 .text.RectifyRCjoystick
                0x08011844       0x30 build/remote_control.o
 .text.sbus_to_rc
                0x08011874      0x160 build/remote_control.o
 .text.RCLostCallback
                0x080119d4       0x20 build/remote_control.o
 .text.RemoteControlRxCallback
                0x080119f4       0x1c build/remote_control.o
 .text.RemoteControlInit
                0x08011a10       0x5c build/remote_control.o
                0x08011a10                RemoteControlInit
 .text.SuperCapRxCallback
                0x08011a6c       0x34 build/super_cap.o
 .text.SuperCapInit
                0x08011aa0       0x30 build/super_cap.o
                0x08011aa0                SuperCapInit
 .text.CheckLen
                0x08011ad0        0x8 build/message_center.o
 .text.CheckName
                0x08011ad8       0x10 build/message_center.o
 .text.PubRegister
                0x08011ae8       0x60 build/message_center.o
                0x08011ae8                PubRegister
 .text.SubRegister
                0x08011b48       0x42 build/message_center.o
                0x08011b48                SubRegister
 .text.SubGetMessage
                0x08011b8a       0x2e build/message_center.o
                0x08011b8a                SubGetMessage
 .text.PubPushMessage
                0x08011bb8       0x4c build/message_center.o
                0x08011bb8                PubPushMessage
 .text.DaemonRegister
                0x08011c04       0x48 build/daemon.o
                0x08011c04                DaemonRegister
 .text.DaemonReload
                0x08011c4c        0x6 build/daemon.o
                0x08011c4c                DaemonReload
 *fill*         0x08011c52        0x2 
 .text.DaemonTask
                0x08011c54       0x34 build/daemon.o
                0x08011c54                DaemonTask
 .text.BuzzerInit
                0x08011c88       0x3c build/buzzer.o
                0x08011c88                BuzzerInit
 .text.BuzzerTask
                0x08011cc4       0xd4 build/buzzer.o
                0x08011cc4                BuzzerTask
 .text.GimbalInit
                0x08011d98       0xfc build/gimbal.o
                0x08011d98                GimbalInit
 .text.GimbalTask
                0x08011e94       0xf4 build/gimbal.o
                0x08011e94                GimbalTask
 .text.MecanumCalculate
                0x08011f88       0x78 build/chassis.o
 .text.LimitChassisOutput
                0x08012000       0x5c build/chassis.o
 .text.ChassisInit
                0x0801205c      0x13c build/chassis.o
                0x0801205c                ChassisInit
 .text.ChassisTask
                0x08012198      0x164 build/chassis.o
                0x08012198                ChassisTask
 .text.CalcOffsetAngle
                0x080122fc       0x68 build/robot_cmd.o
 .text.RemoteControlSet
                0x08012364       0xfc build/robot_cmd.o
 .text.MouseKeySet
                0x08012460      0x188 build/robot_cmd.o
 .text.EmergencyHandler
                0x080125e8       0x50 build/robot_cmd.o
 .text.RobotCMDInit
                0x08012638       0xb4 build/robot_cmd.o
                0x08012638                RobotCMDInit
 .text.RobotCMDTask
                0x080126ec       0x98 build/robot_cmd.o
                0x080126ec                RobotCMDTask
 .text.StartINSTASK
                0x08012784       0x3c build/robot.o
                0x08012784                StartINSTASK
 .text.StartMOTORTASK
                0x080127c0       0x34 build/robot.o
                0x080127c0                StartMOTORTASK
 .text.StartDAEMONTASK
                0x080127f4       0x3c build/robot.o
                0x080127f4                StartDAEMONTASK
 .text.StartUITASK
                0x08012830       0x12 build/robot.o
                0x08012830                StartUITASK
 .text.BSPInit  0x08012842        0xe build/robot.o
                0x08012842                BSPInit
 .text.OSTaskInit
                0x08012850       0xd4 build/robot.o
                0x08012850                OSTaskInit
 .text.RobotInit
                0x08012924       0x1c build/robot.o
                0x08012924                RobotInit
 .text.RobotTask
                0x08012940       0x10 build/robot.o
                0x08012940                RobotTask
 .text.StartROBOTTASK
                0x08012950       0x34 build/robot.o
                0x08012950                StartROBOTTASK
 .text.Reset_Handler
                0x08012984       0x50 build/startup_stm32f407xx.o
                0x08012984                Reset_Handler
 .text.Default_Handler
                0x080129d4        0x2 build/startup_stm32f407xx.o
                0x080129d4                DMA1_Stream3_IRQHandler
                0x080129d4                HASH_RNG_IRQHandler
                0x080129d4                EXTI2_IRQHandler
                0x080129d4                TIM8_CC_IRQHandler
                0x080129d4                TIM1_CC_IRQHandler
                0x080129d4                DMA1_Stream5_IRQHandler
                0x080129d4                PVD_IRQHandler
                0x080129d4                SDIO_IRQHandler
                0x080129d4                TAMP_STAMP_IRQHandler
                0x080129d4                TIM1_UP_TIM10_IRQHandler
                0x080129d4                TIM8_UP_TIM13_IRQHandler
                0x080129d4                EXTI0_IRQHandler
                0x080129d4                FPU_IRQHandler
                0x080129d4                OTG_HS_WKUP_IRQHandler
                0x080129d4                CAN2_SCE_IRQHandler
                0x080129d4                TIM6_DAC_IRQHandler
                0x080129d4                TIM1_BRK_TIM9_IRQHandler
                0x080129d4                DCMI_IRQHandler
                0x080129d4                UART5_IRQHandler
                0x080129d4                TIM4_IRQHandler
                0x080129d4                I2C1_EV_IRQHandler
                0x080129d4                DMA1_Stream6_IRQHandler
                0x080129d4                UART4_IRQHandler
                0x080129d4                TIM3_IRQHandler
                0x080129d4                RCC_IRQHandler
                0x080129d4                TIM8_BRK_TIM12_IRQHandler
                0x080129d4                Default_Handler
                0x080129d4                EXTI15_10_IRQHandler
                0x080129d4                ADC_IRQHandler
                0x080129d4                TIM7_IRQHandler
                0x080129d4                CAN2_TX_IRQHandler
                0x080129d4                TIM5_IRQHandler
                0x080129d4                RTC_WKUP_IRQHandler
                0x080129d4                ETH_WKUP_IRQHandler
                0x080129d4                OTG_HS_EP1_IN_IRQHandler
                0x080129d4                DMA1_Stream0_IRQHandler
                0x080129d4                CAN1_TX_IRQHandler
                0x080129d4                FSMC_IRQHandler
                0x080129d4                ETH_IRQHandler
                0x080129d4                OTG_HS_EP1_OUT_IRQHandler
                0x080129d4                WWDG_IRQHandler
                0x080129d4                TIM2_IRQHandler
                0x080129d4                OTG_FS_WKUP_IRQHandler
                0x080129d4                TIM1_TRG_COM_TIM11_IRQHandler
                0x080129d4                OTG_HS_IRQHandler
                0x080129d4                EXTI1_IRQHandler
                0x080129d4                USART2_IRQHandler
                0x080129d4                DMA2_Stream1_IRQHandler
                0x080129d4                CAN1_SCE_IRQHandler
                0x080129d4                DMA2_Stream4_IRQHandler
                0x080129d4                SPI3_IRQHandler
                0x080129d4                DMA1_Stream4_IRQHandler
                0x080129d4                I2C1_ER_IRQHandler
                0x080129d4                RTC_Alarm_IRQHandler
 *fill*         0x080129d6        0x2 
 .text.malloc   0x080129d8       0x10 /opt/ST/STM32CubeCLT_1.19.0/GNU-tools-for-STM32/bin/../lib/gcc/arm-none-eabi/13.3.1/../../../../arm-none-eabi/lib/thumb/v7e-m+fp/hard/libc_nano.a(libc_a-malloc.o)
                0x080129d8                malloc